Component: ARM Compiler 5.06 update 7 (build 960) Tool: armlink [4d3601]

==============================================================================

Section Cross References

    startup_stm32f103xb.o(RESET) refers to startup_stm32f103xb.o(STACK) for __initial_sp
    startup_stm32f103xb.o(RESET) refers to startup_stm32f103xb.o(.text) for Reset_Handler
    startup_stm32f103xb.o(RESET) refers to stm32f1xx_it.o(i.NMI_Handler) for NMI_Handler
    startup_stm32f103xb.o(RESET) refers to stm32f1xx_it.o(i.HardFault_Handler) for HardFault_Handler
    startup_stm32f103xb.o(RESET) refers to stm32f1xx_it.o(i.MemManage_Handler) for MemManage_Handler
    startup_stm32f103xb.o(RESET) refers to stm32f1xx_it.o(i.BusFault_Handler) for BusFault_Handler
    startup_stm32f103xb.o(RESET) refers to stm32f1xx_it.o(i.UsageFault_Handler) for UsageFault_Handler
    startup_stm32f103xb.o(RESET) refers to port.o(.emb_text) for SVC_Handler
    startup_stm32f103xb.o(RESET) refers to stm32f1xx_it.o(i.DebugMon_Handler) for DebugMon_Handler
    startup_stm32f103xb.o(RESET) refers to port.o(i.SysTick_Handler) for SysTick_Handler
    startup_stm32f103xb.o(RESET) refers to stm32f1xx_it.o(i.DMA1_Channel1_IRQHandler) for DMA1_Channel1_IRQHandler
    startup_stm32f103xb.o(RESET) refers to stm32f1xx_it.o(i.DMA1_Channel4_IRQHandler) for DMA1_Channel4_IRQHandler
    startup_stm32f103xb.o(RESET) refers to stm32f1xx_it.o(i.DMA1_Channel5_IRQHandler) for DMA1_Channel5_IRQHandler
    startup_stm32f103xb.o(RESET) refers to stm32f1xx_it.o(i.DMA1_Channel6_IRQHandler) for DMA1_Channel6_IRQHandler
    startup_stm32f103xb.o(RESET) refers to stm32f1xx_it.o(i.DMA1_Channel7_IRQHandler) for DMA1_Channel7_IRQHandler
    startup_stm32f103xb.o(RESET) refers to stm32f1xx_it.o(i.TIM4_IRQHandler) for TIM4_IRQHandler
    startup_stm32f103xb.o(RESET) refers to stm32f1xx_it.o(i.USART1_IRQHandler) for USART1_IRQHandler
    startup_stm32f103xb.o(RESET) refers to stm32f1xx_it.o(i.USART2_IRQHandler) for USART2_IRQHandler
    startup_stm32f103xb.o(.text) refers to system_stm32f1xx.o(i.SystemInit) for SystemInit
    startup_stm32f103xb.o(.text) refers to entry.o(.ARM.Collect$$$$00000000) for __main
    led.o(i.led_ctl) refers to stm32f1xx_hal_gpio.o(i.HAL_GPIO_WritePin) for HAL_GPIO_WritePin
    led.o(i.led_operation) refers to led.o(i.led_ctl) for led_ctl
    led.o(i.led_set) refers to led.o(.bss) for .bss
    mpu6050.o(i.I2Cx_Error) refers to stm32f1xx_hal_i2c.o(i.HAL_I2C_DeInit) for HAL_I2C_DeInit
    mpu6050.o(i.I2Cx_Error) refers to i2c.o(i.MX_I2C1_Init) for MX_I2C1_Init
    mpu6050.o(i.I2Cx_Error) refers to i2c.o(.bss) for hi2c1
    mpu6050.o(i.MPU6050ReadAcc) refers to mpu6050.o(i.MPU6050_ReadData) for MPU6050_ReadData
    mpu6050.o(i.MPU6050ReadGyro) refers to mpu6050.o(i.MPU6050_ReadData) for MPU6050_ReadData
    mpu6050.o(i.MPU6050ReadID) refers to mpu6050.o(i.MPU6050_ReadData) for MPU6050_ReadData
    mpu6050.o(i.MPU6050ReadID) refers to printfa.o(i.__0printf) for __2printf
    mpu6050.o(i.MPU6050ReadID) refers to mpu6050.o(.conststring) for .conststring
    mpu6050.o(i.MPU6050_ReadData) refers to soft_iic.o(i.IIC_Read_One_Byte) for IIC_Read_One_Byte
    mpu6050.o(i.MPU6050_WriteReg) refers to soft_iic.o(i.IIC_Write_One_Byte) for IIC_Write_One_Byte
    mpu6050.o(i.Sensors_I2C_ReadRegister) refers to stm32f1xx_hal_i2c.o(i.HAL_I2C_Mem_Read) for HAL_I2C_Mem_Read
    mpu6050.o(i.Sensors_I2C_ReadRegister) refers to mpu6050.o(i.I2Cx_Error) for I2Cx_Error
    mpu6050.o(i.Sensors_I2C_ReadRegister) refers to stm32f1xx_hal_i2c.o(i.HAL_I2C_GetState) for HAL_I2C_GetState
    mpu6050.o(i.Sensors_I2C_ReadRegister) refers to stm32f1xx_hal_i2c.o(i.HAL_I2C_IsDeviceReady) for HAL_I2C_IsDeviceReady
    mpu6050.o(i.Sensors_I2C_ReadRegister) refers to i2c.o(.bss) for hi2c1
    mpu6050.o(i.Sensors_I2C_WriteRegister) refers to stm32f1xx_hal_i2c.o(i.HAL_I2C_Mem_Write) for HAL_I2C_Mem_Write
    mpu6050.o(i.Sensors_I2C_WriteRegister) refers to mpu6050.o(i.I2Cx_Error) for I2Cx_Error
    mpu6050.o(i.Sensors_I2C_WriteRegister) refers to stm32f1xx_hal_i2c.o(i.HAL_I2C_GetState) for HAL_I2C_GetState
    mpu6050.o(i.Sensors_I2C_WriteRegister) refers to stm32f1xx_hal_i2c.o(i.HAL_I2C_IsDeviceReady) for HAL_I2C_IsDeviceReady
    mpu6050.o(i.Sensors_I2C_WriteRegister) refers to i2c.o(.bss) for hi2c1
    mpu6050.o(i.acc_butterworth_lpf) refers to filter.o(i.butterworth_lpf) for butterworth_lpf
    mpu6050.o(i.acc_butterworth_lpf) refers to mpu6050.o(.data) for .data
    mpu6050.o(i.acc_butterworth_lpf) refers to mpu6050.o(.bss) for .bss
    mpu6050.o(i.acc_iir_lpf) refers to fadd.o(.text) for __aeabi_fsub
    mpu6050.o(i.acc_iir_lpf) refers to fmul.o(.text) for __aeabi_fmul
    mpu6050.o(i.get_acc_g) refers to fscalb.o(.text) for __ARM_scalbnf
    mpu6050.o(i.get_acc_raw) refers to mpu6050.o(i.MPU6050ReadAcc) for MPU6050ReadAcc
    mpu6050.o(i.get_acc_raw) refers to fflti.o(.text) for __aeabi_i2f
    mpu6050.o(i.get_acc_raw) refers to mpu6050.o(.data) for .data
[...]
    __aeabi_memset4                          0x08000205   Thumb Code     0  memseta.o(.text)
    __aeabi_memset8                          0x08000205   Thumb Code     0  memseta.o(.text)
    __aeabi_memclr                           0x08000213   Thumb Code     4  memseta.o(.text)
    __aeabi_memclr4                          0x08000213   Thumb Code     0  memseta.o(.text)
    __aeabi_memclr8                          0x08000213   Thumb Code     0  memseta.o(.text)
    memset                                   0x08000217   Thumb Code    18  memseta.o(.text)
    strtok                                   0x08000229   Thumb Code    62  strtok.o(.text)
    __aeabi_fadd                             0x0800026d   Thumb Code   164  fadd.o(.text)
    __aeabi_fsub                             0x08000311   Thumb Code     6  fadd.o(.text)
    __aeabi_frsub                            0x08000317   Thumb Code     6  fadd.o(.text)
    __aeabi_fmul                             0x0800031d   Thumb Code   100  fmul.o(.text)
    __aeabi_fdiv                             0x08000381   Thumb Code   124  fdiv.o(.text)
    __ARM_scalbnf                            0x080003fd   Thumb Code    24  fscalb.o(.text)
    scalbnf                                  0x080003fd   Thumb Code     0  fscalb.o(.text)
    __aeabi_dadd                             0x08000415   Thumb Code   322  dadd.o(.text)
    __aeabi_dsub                             0x08000557   Thumb Code     6  dadd.o(.text)
    __aeabi_drsub                            0x0800055d   Thumb Code     6  dadd.o(.text)
    __aeabi_dmul                             0x08000563   Thumb Code   228  dmul.o(.text)
    __aeabi_i2f                              0x08000647   Thumb Code    18  fflti.o(.text)
    __aeabi_ui2f                             0x08000659   Thumb Code    10  ffltui.o(.text)
    __aeabi_f2iz                             0x08000663   Thumb Code    50  ffixi.o(.text)
    __aeabi_f2uiz                            0x08000695   Thumb Code    40  ffixui.o(.text)
    __aeabi_d2iz                             0x080006bd   Thumb Code    62  dfixi.o(.text)
    __aeabi_d2uiz                            0x080006fb   Thumb Code    50  dfixui.o(.text)
    __aeabi_f2d                              0x0800072d   Thumb Code    38  f2d.o(.text)
    __aeabi_d2f                              0x08000753   Thumb Code    56  d2f.o(.text)
    __aeabi_cfcmpeq                          0x0800078d   Thumb Code     0  cfcmple.o(.text)
    __aeabi_cfcmple                          0x0800078d   Thumb Code    20  cfcmple.o(.text)
    __aeabi_cfrcmple                         0x080007a1   Thumb Code    20  cfrcmple.o(.text)
    __aeabi_uidiv                            0x080007b5   Thumb Code     0  uidiv.o(.text)
    __aeabi_uidivmod                         0x080007b5   Thumb Code    44  uidiv.o(.text)
    __aeabi_uldivmod                         0x080007e1   Thumb Code    98  uldiv.o(.text)
    __aeabi_llsl                             0x08000843   Thumb Code    30  llshl.o(.text)
    _ll_shift_l                              0x08000843   Thumb Code     0  llshl.o(.text)
    __aeabi_lasr                             0x08000861   Thumb Code    36  llsshr.o(.text)
    _ll_sshift_r                             0x08000861   Thumb Code     0  llsshr.o(.text)
    __strtod_int                             0x080008bb   Thumb Code    90  strtod.o(.text)
    __I$use$fp                               0x08000921   Thumb Code     0  iusefp.o(.text)
    _float_round                             0x08000921   Thumb Code    18  fepilogue.o(.text)
    _float_epilogue                          0x08000933   Thumb Code    92  fepilogue.o(.text)
    _double_round                            0x0800098f   Thumb Code    30  depilogue.o(.text)
    _double_epilogue                         0x080009ad   Thumb Code   156  depilogue.o(.text)
    __aeabi_ddiv                             0x08000a49   Thumb Code   222  ddiv.o(.text)
    __ARM_scalbn                             0x08000b27   Thumb Code    46  dscalb.o(.text)
    scalbn                                   0x08000b27   Thumb Code     0  dscalb.o(.text)
    __aeabi_d2ulz                            0x08000b55   Thumb Code    48  dfixul.o(.text)
    __aeabi_cdcmpeq                          0x08000b85   Thumb Code     0  cdcmple.o(.text)
    __aeabi_cdcmple                          0x08000b85   Thumb Code    48  cdcmple.o(.text)
    __aeabi_cdrcmple                         0x08000bb5   Thumb Code    48  cdrcmple.o(.text)
    __scatterload                            0x08000be5   Thumb Code    28  init.o(.text)
    __scatterload_rt2                        0x08000be5   Thumb Code     0  init.o(.text)
    isspace                                  0x08000c09   Thumb Code    10  isspace_c.o(.text)
    _scanf_real                              0x08000d3d   Thumb Code     0  scanf_fp.o(.text)
    _scanf_really_real                       0x08000d3d   Thumb Code   556  scanf_fp.o(.text)
    _sgetc                                   0x08000f75   Thumb Code    30  _sgetc.o(.text)
    _sbackspace                              0x08000f93   Thumb Code    34  _sgetc.o(.text)
    _dsqrt                                   0x08000fb5   Thumb Code   162  dsqrt.o(.text)
    __ctype_lookup                           0x08001059   Thumb Code    34  ctype_c.o(.text)
    __aeabi_ul2d                             0x08001081   Thumb Code    24  dfltul.o(.text)
    __decompress                             0x08001099   Thumb Code     0  __dczerorl2.o(.text)
    __decompress1                            0x08001099   Thumb Code    86  __dczerorl2.o(.text)
    ADC_ConversionStop_Disable               0x080010f1   Thumb Code    86  stm32f1xx_hal_adc.o(i.ADC_ConversionStop_Disable)
    ADC_DMAConvCplt                          0x08001147   Thumb Code    78  stm32f1xx_hal_adc.o(i.ADC_DMAConvCplt)
    ADC_DMAError                             0x08001195   Thumb Code    26  stm32f1xx_hal_adc.o(i.ADC_DMAError)
    ADC_DMAHalfConvCplt                      0x080011af   Thumb Code    10  stm32f1xx_hal_adc.o(i.ADC_DMAHalfConvCplt)
    ADC_Enable                               0x080011b9   Thumb Code   114  stm32f1xx_hal_adc.o(i.ADC_Enable)
    ANO_DMA_SEND_DATA                        0x08001235   Thumb Code   256  ano.o(i.ANO_DMA_SEND_DATA)
    ANO_DT_Data_Receive_Anl                  0x08001355   Thumb Code   192  ano.o(i.ANO_DT_Data_Receive_Anl)
    ANO_DT_Send_Power                        0x08001485   Thumb Code   114  ano.o(i.ANO_DT_Send_Power)
    ANO_DT_Send_RCData                       0x08001501   Thumb Code   172  ano.o(i.ANO_DT_Send_RCData)
    ANO_DT_Send_Senser                       0x080015b1   Thumb Code   206  ano.o(i.ANO_DT_Send_Senser)
    ANO_DT_Send_Status                       0x08001685   Thumb Code   180  ano.o(i.ANO_DT_Send_Status)
    ANO_DT_Send_User                         0x08001745   Thumb Code   406  ano.o(i.ANO_DT_Send_User)
    Bluetooth_RecvData                       0x080018e1   Thumb Code    44  bluetooth.o(i.Bluetooth_RecvData)
    BusFault_Handler                         0x08001915   Thumb Code     2  stm32f1xx_it.o(i.BusFault_Handler)
    CarBackward                              0x08001919   Thumb Code    28  controller.o(i.CarBackward)
    CargoForward                             0x08001939   Thumb Code    28  controller.o(i.CargoForward)
    DISplayIIC_Start                         0x08001959   Thumb Code    52  display.o(i.DISplayIIC_Start)
    DISplayIIC_Stop                          0x08001991   Thumb Code    40  display.o(i.DISplayIIC_Stop)
    DISplayIIC_Wait_Ack                      0x080019bd   Thumb Code    30  display.o(i.DISplayIIC_Wait_Ack)
    DISplayWrite_IIC_Byte                    0x080019e1   Thumb Code    86  display.o(i.DISplayWrite_IIC_Byte)
    DISplayWrite_IIC_Command                 0x08001a3d   Thumb Code    46  display.o(i.DISplayWrite_IIC_Command)
    DISplayWrite_IIC_Data                    0x08001a6b   Thumb Code    46  display.o(i.DISplayWrite_IIC_Data)
    DISplay_Clear                            0x08001a99   Thumb Code    58  display.o(i.DISplay_Clear)
    DISplay_Init                             0x08001ad3   Thumb Code   230  display.o(i.DISplay_Init)
    DISplay_Set_Pos                          0x08001bb9   Thumb Code    42  display.o(i.DISplay_Set_Pos)
    DISplay_ShowChar                         0x08001be5   Thumb Code   128  display.o(i.DISplay_ShowChar)
    DISplay_ShowFolatNum                     0x08001c6d   Thumb Code   236  display.o(i.DISplay_ShowFolatNum)
    DISplay_ShowNum                          0x08001d5d   Thumb Code   106  display.o(i.DISplay_ShowNum)
    DISplay_ShowString                       0x08001dc7   Thumb Code    54  display.o(i.DISplay_ShowString)
    DISplay_WR_Byte                          0x08001dfd   Thumb Code    12  display.o(i.DISplay_WR_Byte)
    DISplay_pow                              0x08001e09   Thumb Code    16  display.o(i.DISplay_pow)
    DMA1_Channel1_IRQHandler                 0x08001e19   Thumb Code     6  stm32f1xx_it.o(i.DMA1_Channel1_IRQHandler)
    DMA1_Channel4_IRQHandler                 0x08001e25   Thumb Code     6  stm32f1xx_it.o(i.DMA1_Channel4_IRQHandler)
    DMA1_Channel5_IRQHandler                 0x08001e31   Thumb Code     6  stm32f1xx_it.o(i.DMA1_Channel5_IRQHandler)
    DMA1_Channel6_IRQHandler                 0x08001e3d   Thumb Code     6  stm32f1xx_it.o(i.DMA1_Channel6_IRQHandler)
    DMA1_Channel7_IRQHandler                 0x08001e49   Thumb Code     6  stm32f1xx_it.o(i.DMA1_Channel7_IRQHandler)
    DebugMon_Handler                         0x08001e7f   Thumb Code     2  stm32f1xx_it.o(i.DebugMon_Handler)
    DisableAuxMotor                          0x08001e81   Thumb Code    12  controller.o(i.DisableAuxMotor)
    EnableAuxMotor                           0x08001e91   Thumb Code    10  controller.o(i.EnableAuxMotor)
    Error_Handler                            0x08001ea1   Thumb Code     4  main.o(i.Error_Handler)
    FLASH_PageErase                          0x08001ec9   Thumb Code    28  stm32f1xx_hal_flash_ex.o(i.FLASH_PageErase)
    FLASH_ReadFloatData                      0x08001f09   Thumb Code    26  flash.o(i.FLASH_ReadFloatData)
    FLASH_WaitForLastOperation               0x08001f81   Thumb Code    80  stm32f1xx_hal_flash.o(i.FLASH_WaitForLastOperation)
    FLASH_WriteThreeFloatData                0x08001fd5   Thumb Code    16  flash.o(i.FLASH_WriteThreeFloatData)
    FLASH_WriteWordData                      0x08001fe5   Thumb Code   116  flash.o(i.FLASH_WriteWordData)
    FloatComparison                          0x08002081   Thumb Code    56  imath.o(i.FloatComparison)
    HAL_ADC_ConfigChannel                    0x080020b9   Thumb Code   240  stm32f1xx_hal_adc.o(i.HAL_ADC_ConfigChannel)
    HAL_ADC_ConvCpltCallback                 0x080021b5   Thumb Code     2  stm32f1xx_hal_adc.o(i.HAL_ADC_ConvCpltCallback)
    HAL_ADC_ConvHalfCpltCallback             0x080021b7   Thumb Code     2  stm32f1xx_hal_adc.o(i.HAL_ADC_ConvHalfCpltCallback)
    HAL_ADC_ErrorCallback                    0x080021b9   Thumb Code     2  stm32f1xx_hal_adc.o(i.HAL_ADC_ErrorCallback)
    HAL_ADC_Init                             0x080021bd   Thumb Code   272  stm32f1xx_hal_adc.o(i.HAL_ADC_Init)
    HAL_ADC_MspInit                          0x080022d9   Thumb Code   122  adc.o(i.HAL_ADC_MspInit)
    HAL_ADC_Start_DMA                        0x08002369   Thumb Code   246  stm32f1xx_hal_adc.o(i.HAL_ADC_Start_DMA)
    HAL_DMA_Abort                            0x08002475   Thumb Code    70  stm32f1xx_hal_dma.o(i.HAL_DMA_Abort)
    HAL_DMA_Abort_IT                         0x080024bd   Thumb Code   148  stm32f1xx_hal_dma.o(i.HAL_DMA_Abort_IT)
    HAL_DMA_IRQHandler                       0x08002555   Thumb Code   316  stm32f1xx_hal_dma.o(i.HAL_DMA_IRQHandler)
    HAL_DMA_Init                             0x080026a9   Thumb Code    84  stm32f1xx_hal_dma.o(i.HAL_DMA_Init)
    HAL_DMA_Start_IT                         0x08002705   Thumb Code   112  stm32f1xx_hal_dma.o(i.HAL_DMA_Start_IT)
    HAL_Delay                                0x08002775   Thumb Code    32  stm32f1xx_hal.o(i.HAL_Delay)
    HAL_FLASHEx_Erase                        0x08002799   Thumb Code   160  stm32f1xx_hal_flash_ex.o(i.HAL_FLASHEx_Erase)
    HAL_FLASH_Lock                           0x08002841   Thumb Code    14  stm32f1xx_hal_flash.o(i.HAL_FLASH_Lock)
    HAL_FLASH_Program                        0x08002855   Thumb Code   120  stm32f1xx_hal_flash.o(i.HAL_FLASH_Program)
    HAL_FLASH_Unlock                         0x080028d5   Thumb Code    28  stm32f1xx_hal_flash.o(i.HAL_FLASH_Unlock)
    HAL_GPIO_Init                            0x080028fd   Thumb Code   446  stm32f1xx_hal_gpio.o(i.HAL_GPIO_Init)
    HAL_GPIO_ReadPin                         0x08002add   Thumb Code    10  stm32f1xx_hal_gpio.o(i.HAL_GPIO_ReadPin)
    HAL_GPIO_WritePin                        0x08002ae7   Thumb Code    10  stm32f1xx_hal_gpio.o(i.HAL_GPIO_WritePin)
    HAL_GetTick                              0x08002af1   Thumb Code     6  stm32f1xx_hal.o(i.HAL_GetTick)
    HAL_IncTick                              0x08002afd   Thumb Code    12  stm32f1xx_hal.o(i.HAL_IncTick)
    HAL_Init                                 0x08002b0d   Thumb Code    32  stm32f1xx_hal.o(i.HAL_Init)
    HAL_InitTick                             0x08002b31   Thumb Code   100  stm32f1xx_hal_timebase_tim.o(i.HAL_InitTick)
    HAL_MspInit                              0x08002ba5   Thumb Code    62  stm32f1xx_hal_msp.o(i.HAL_MspInit)
    HAL_NVIC_EnableIRQ                       0x08002bed   Thumb Code    26  stm32f1xx_hal_cortex.o(i.HAL_NVIC_EnableIRQ)
    HAL_NVIC_SetPriority                     0x08002c09   Thumb Code    60  stm32f1xx_hal_cortex.o(i.HAL_NVIC_SetPriority)
    HAL_NVIC_SetPriorityGrouping             0x08002c49   Thumb Code    26  stm32f1xx_hal_cortex.o(i.HAL_NVIC_SetPriorityGrouping)
    HAL_RCCEx_PeriphCLKConfig                0x08002c6d   Thumb Code   224  stm32f1xx_hal_rcc_ex.o(i.HAL_RCCEx_PeriphCLKConfig)
    HAL_RCC_CSSCallback                      0x08002d59   Thumb Code     2  stm32f1xx_hal_rcc.o(i.HAL_RCC_CSSCallback)
    HAL_RCC_ClockConfig                      0x08002d5d   Thumb Code   280  stm32f1xx_hal_rcc.o(i.HAL_RCC_ClockConfig)
    HAL_RCC_EnableCSS                        0x08002e89   Thumb Code     8  stm32f1xx_hal_rcc.o(i.HAL_RCC_EnableCSS)
    HAL_RCC_GetClockConfig                   0x08002e95   Thumb Code    54  stm32f1xx_hal_rcc.o(i.HAL_RCC_GetClockConfig)
    HAL_RCC_GetPCLK1Freq                     0x08002ed5   Thumb Code    20  stm32f1xx_hal_rcc.o(i.HAL_RCC_GetPCLK1Freq)
    HAL_RCC_GetPCLK2Freq                     0x08002ef5   Thumb Code    20  stm32f1xx_hal_rcc.o(i.HAL_RCC_GetPCLK2Freq)
    HAL_RCC_GetSysClockFreq                  0x08002f15   Thumb Code    74  stm32f1xx_hal_rcc.o(i.HAL_RCC_GetSysClockFreq)
    HAL_RCC_NMI_IRQHandler                   0x08002f81   Thumb Code    20  stm32f1xx_hal_rcc.o(i.HAL_RCC_NMI_IRQHandler)
    HAL_RCC_OscConfig                        0x08002f99   Thumb Code   778  stm32f1xx_hal_rcc.o(i.HAL_RCC_OscConfig)
    HAL_TIMEx_BreakCallback                  0x080032b9   Thumb Code     2  stm32f1xx_hal_tim_ex.o(i.HAL_TIMEx_BreakCallback)
    HAL_TIMEx_CommutCallback                 0x080032bb   Thumb Code     2  stm32f1xx_hal_tim_ex.o(i.HAL_TIMEx_CommutCallback)
    HAL_TIMEx_ConfigBreakDeadTime            0x080032bd   Thumb Code    84  stm32f1xx_hal_tim_ex.o(i.HAL_TIMEx_ConfigBreakDeadTime)
    HAL_TIMEx_MasterConfigSynchronization    0x08003311   Thumb Code    92  stm32f1xx_hal_tim_ex.o(i.HAL_TIMEx_MasterConfigSynchronization)
    HAL_TIM_Base_Init                        0x08003379   Thumb Code    90  stm32f1xx_hal_tim.o(i.HAL_TIM_Base_Init)
    HAL_TIM_Base_MspInit                     0x080033d3   Thumb Code     2  stm32f1xx_hal_tim.o(i.HAL_TIM_Base_MspInit)
    HAL_TIM_Base_Start_IT                    0x080033d5   Thumb Code    76  stm32f1xx_hal_tim.o(i.HAL_TIM_Base_Start_IT)
    HAL_TIM_Encoder_Init                     0x0800342d   Thumb Code   164  stm32f1xx_hal_tim.o(i.HAL_TIM_Encoder_Init)
    HAL_TIM_Encoder_MspInit                  0x080034d1   Thumb Code    72  tim.o(i.HAL_TIM_Encoder_MspInit)
    HAL_TIM_Encoder_Start                    0x08003521   Thumb Code   142  stm32f1xx_hal_tim.o(i.HAL_TIM_Encoder_Start)
    HAL_TIM_IC_CaptureCallback               0x080035af   Thumb Code     2  stm32f1xx_hal_tim.o(i.HAL_TIM_IC_CaptureCallback)
    HAL_TIM_IRQHandler                       0x080035b1   Thumb Code   358  stm32f1xx_hal_tim.o(i.HAL_TIM_IRQHandler)
    HAL_TIM_MspPostInit                      0x08003719   Thumb Code    88  tim.o(i.HAL_TIM_MspPostInit)
    HAL_TIM_OC_DelayElapsedCallback          0x08003781   Thumb Code     2  stm32f1xx_hal_tim.o(i.HAL_TIM_OC_DelayElapsedCallback)
    HAL_TIM_PWM_ConfigChannel                0x08003783   Thumb Code   198  stm32f1xx_hal_tim.o(i.HAL_TIM_PWM_ConfigChannel)
    HAL_TIM_PWM_Init                         0x08003849   Thumb Code    90  stm32f1xx_hal_tim.o(i.HAL_TIM_PWM_Init)
    HAL_TIM_PWM_MspInit                      0x080038a5   Thumb Code    52  tim.o(i.HAL_TIM_PWM_MspInit)
    HAL_TIM_PWM_PulseFinishedCallback        0x080038e5   Thumb Code     2  stm32f1xx_hal_tim.o(i.HAL_TIM_PWM_PulseFinishedCallback)
    HAL_TIM_PWM_Start                        0x080038e9   Thumb Code   144  stm32f1xx_hal_tim.o(i.HAL_TIM_PWM_Start)
    HAL_TIM_PeriodElapsedCallback            0x08003985   Thumb Code    14  main.o(i.HAL_TIM_PeriodElapsedCallback)
    HAL_TIM_TriggerCallback                  0x08003999   Thumb Code     2  stm32f1xx_hal_tim.o(i.HAL_TIM_TriggerCallback)
    HAL_UARTEx_RxEventCallback               0x0800399b   Thumb Code     2  stm32f1xx_hal_uart.o(i.HAL_UARTEx_RxEventCallback)
    HAL_UART_DMAStop                         0x0800399d   Thumb Code    88  stm32f1xx_hal_uart.o(i.HAL_UART_DMAStop)
    HAL_UART_ErrorCallback                   0x080039f5   Thumb Code     2  stm32f1xx_hal_uart.o(i.HAL_UART_ErrorCallback)
    HAL_UART_IRQHandler                      0x080039f9   Thumb Code   520  stm32f1xx_hal_uart.o(i.HAL_UART_IRQHandler)
    HAL_UART_Init                            0x08003c05   Thumb Code    98  stm32f1xx_hal_uart.o(i.HAL_UART_Init)
    HAL_UART_MspInit                         0x08003c69   Thumb Code   382  usart.o(i.HAL_UART_MspInit)
    HAL_UART_Receive_DMA                     0x08003e01   Thumb Code    42  stm32f1xx_hal_uart.o(i.HAL_UART_Receive_DMA)
    HAL_UART_RxCpltCallback                  0x08003e2b   Thumb Code     2  stm32f1xx_hal_uart.o(i.HAL_UART_RxCpltCallback)
    HAL_UART_RxHalfCpltCallback              0x08003e2d   Thumb Code     2  stm32f1xx_hal_uart.o(i.HAL_UART_RxHalfCpltCallback)
    HAL_UART_Transmit                        0x08003e31   Thumb Code   178  stm32f1xx_hal_uart.o(i.HAL_UART_Transmit)
    HAL_UART_Transmit_DMA                    0x08003ee5   Thumb Code   114  stm32f1xx_hal_uart.o(i.HAL_UART_Transmit_DMA)
    HAL_UART_TxCpltCallback                  0x08003f65   Thumb Code     2  stm32f1xx_hal_uart.o(i.HAL_UART_TxCpltCallback)
    HAL_UART_TxHalfCpltCallback              0x08003f67   Thumb Code     2  stm32f1xx_hal_uart.o(i.HAL_UART_TxHalfCpltCallback)
    HardFault_Handler                        0x08003f69   Thumb Code     2  stm32f1xx_it.o(i.HardFault_Handler)
    IIC_Read_Byte                            0x08003f6d   Thumb Code    72  soft_iic.o(i.IIC_Read_Byte)
    IIC_Read_One_Byte                        0x08003fb9   Thumb Code    52  soft_iic.o(i.IIC_Read_One_Byte)
    IIC_Send_Byte                            0x08003fed   Thumb Code    92  soft_iic.o(i.IIC_Send_Byte)
    IIC_Slave_Ack                            0x0800404d   Thumb Code    96  soft_iic.o(i.IIC_Slave_Ack)
    IIC_Start                                0x080040b1   Thumb Code    50  soft_iic.o(i.IIC_Start)
    IIC_Stop                                 0x080040e9   Thumb Code    68  soft_iic.o(i.IIC_Stop)
    IIC_Write_One_Byte                       0x08004131   Thumb Code    38  soft_iic.o(i.IIC_Write_One_Byte)
    MPU6050ReadAcc                           0x08004165   Thumb Code    40  mpu6050.o(i.MPU6050ReadAcc)
    MPU6050ReadGyro                          0x0800418d   Thumb Code    40  mpu6050.o(i.MPU6050ReadGyro)
    MPU6050ReadID                            0x080041b5   Thumb Code    50  mpu6050.o(i.MPU6050ReadID)
    MPU6050_ReadData                         0x08004201   Thumb Code    40  mpu6050.o(i.MPU6050_ReadData)
    MPU6050_WriteReg                         0x08004229   Thumb Code    10  mpu6050.o(i.MPU6050_WriteReg)
    MX_ADC1_Init                             0x08004235   Thumb Code    82  adc.o(i.MX_ADC1_Init)
    MX_DMA_Init                              0x08004291   Thumb Code   104  dma.o(i.MX_DMA_Init)
    MX_FREERTOS_Init                         0x080042fd   Thumb Code   186  freertos.o(i.MX_FREERTOS_Init)
    MX_GPIO_Init                             0x080043c1   Thumb Code   226  gpio.o(i.MX_GPIO_Init)
    MX_TIM1_Init                             0x080044b5   Thumb Code   152  tim.o(i.MX_TIM1_Init)
    MX_TIM2_Init                             0x08004555   Thumb Code   108  tim.o(i.MX_TIM2_Init)
    MX_TIM3_Init                             0x080045c5   Thumb Code   120  tim.o(i.MX_TIM3_Init)
    MX_USART1_UART_Init                      0x08004645   Thumb Code    66  usart.o(i.MX_USART1_UART_Init)
    MX_USART2_UART_Init                      0x08004695   Thumb Code    66  usart.o(i.MX_USART2_UART_Init)
    Matrix_ready                             0x080046e5   Thumb Code    14  imu.o(i.Matrix_ready)
    MemManage_Handler                        0x080046f3   Thumb Code     2  stm32f1xx_it.o(i.MemManage_Handler)
    NMI_Handler                              0x080046f5   Thumb Code     6  stm32f1xx_it.o(i.NMI_Handler)
    ParseBluetoothMessage                    0x080046fd   Thumb Code   230  bluetooth.o(i.ParseBluetoothMessage)
    SDA_IN                                   0x080047e9   Thumb Code    26  soft_iic.o(i.SDA_IN)
    SDA_OUT                                  0x08004809   Thumb Code    28  soft_iic.o(i.SDA_OUT)
    StartBluetoothTransferTask               0x08004829   Thumb Code    16  freertos.o(i.StartBluetoothTransferTask)
    StartControllerTask                      0x08004839   Thumb Code     8  freertos.o(i.StartControllerTask)
    StartDebugTransferTask                   0x08004841   Thumb Code    16  freertos.o(i.StartDebugTransferTask)
    StartDefaultTask                         0x08004851   Thumb Code    76  freertos.o(i.StartDefaultTask)
    StartScatteredTask                       0x080048b1   Thumb Code   286  freertos.o(i.StartScatteredTask)
    StartSensorSampleTask                    0x08004a5d   Thumb Code   106  freertos.o(i.StartSensorSampleTask)
    SysTick_Handler                          0x08004add   Thumb Code    38  port.o(i.SysTick_Handler)
    SystemClock_Config                       0x08004b09   Thumb Code   122  main.o(i.SystemClock_Config)
    SystemInit                               0x08004b83   Thumb Code     2  system_stm32f1xx.o(i.SystemInit)
    TIM4_IRQHandler                          0x08004b85   Thumb Code     6  stm32f1xx_it.o(i.TIM4_IRQHandler)
    TIM_Base_SetConfig                       0x08004b91   Thumb Code    94  stm32f1xx_hal_tim.o(i.TIM_Base_SetConfig)
    TIM_CCxChannelCmd                        0x08004bfd   Thumb Code    26  stm32f1xx_hal_tim.o(i.TIM_CCxChannelCmd)
    TIM_OC2_SetConfig                        0x08004c69   Thumb Code    84  stm32f1xx_hal_tim.o(i.TIM_OC2_SetConfig)
    TurnLeftOrRight                          0x08004d5d   Thumb Code    52  controller.o(i.TurnLeftOrRight)
    UART_Start_Receive_DMA                   0x08005055   Thumb Code    98  stm32f1xx_hal_uart.o(i.UART_Start_Receive_DMA)
    USART1_IRQHandler                        0x08005129   Thumb Code    68  stm32f1xx_it.o(i.USART1_IRQHandler)
    USART2_IRQHandler                        0x08005179   Thumb Code    68  stm32f1xx_it.o(i.USART2_IRQHandler)
    UploadMsg_MpuData                        0x080051c9   Thumb Code    86  bluetooth.o(i.UploadMsg_MpuData)
    UsageFault_Handler                       0x0800525d   Thumb Code     2  stm32f1xx_it.o(i.UsageFault_Handler)
    Usart1_DMA_Sent                          0x08005261   Thumb Code    46  usart.o(i.Usart1_DMA_Sent)
    Usart2_DMA_Sent                          0x08005299   Thumb Code    46  bluetooth.o(i.Usart2_DMA_Sent)
    Usart_RecvData                           0x080052d1   Thumb Code    42  usart.o(i.Usart_RecvData)
    __0printf                                0x08005301   Thumb Code    22  printfa.o(i.__0printf)
    __1printf                                0x08005301   Thumb Code     0  printfa.o(i.__0printf)
    __2printf                                0x08005301   Thumb Code     0  printfa.o(i.__0printf)
    __c89printf                              0x08005301   Thumb Code     0  printfa.o(i.__0printf)
    printf                                   0x08005301   Thumb Code     0  printfa.o(i.__0printf)
    __0sprintf                               0x08005321   Thumb Code    34  printfa.o(i.__0sprintf)
    __1sprintf                               0x08005321   Thumb Code     0  printfa.o(i.__0sprintf)
    __2sprintf                               0x08005321   Thumb Code     0  printfa.o(i.__0sprintf)
    __c89sprintf                             0x08005321   Thumb Code     0  printfa.o(i.__0sprintf)
    sprintf                                  0x08005321   Thumb Code     0  printfa.o(i.__0sprintf)
    __ARM_fpclassify                         0x08005349   Thumb Code    40  fpclassify.o(i.__ARM_fpclassify)
    __kernel_poly                            0x08005391   Thumb Code   170  poly.o(i.__kernel_poly)
    __mathlib_dbl_infnan                     0x0800543b   Thumb Code     6  dunder.o(i.__mathlib_dbl_infnan)
    __mathlib_dbl_infnan2                    0x08005441   Thumb Code     4  dunder.o(i.__mathlib_dbl_infnan2)
    __mathlib_dbl_invalid                    0x08005445   Thumb Code    12  dunder.o(i.__mathlib_dbl_invalid)
    __mathlib_dbl_underflow                  0x08005451   Thumb Code    10  dunder.o(i.__mathlib_dbl_underflow)
    __read_errno                             0x08005461   Thumb Code     6  errno.o(i.__read_errno)
    __scatterload_copy                       0x0800546d   Thumb Code    14  handlers.o(i.__scatterload_copy)
    __scatterload_null                       0x0800547b   Thumb Code     2  handlers.o(i.__scatterload_null)
    __scatterload_zeroinit                   0x0800547d   Thumb Code    14  handlers.o(i.__scatterload_zeroinit)
    __set_errno                              0x0800548d   Thumb Code     6  errno.o(i.__set_errno)
    _controller_output                       0x08005499   Thumb Code   182  controller.o(i._controller_output)
    _controller_perform                      0x0800556d   Thumb Code    72  controller.o(i._controller_perform)
    _is_digit                                0x08005749   Thumb Code    14  scanf_fp.o(i._is_digit)
    _set_val                                 0x08005e5f   Thumb Code    14  imath.o(i._set_val)
    acc_iir_lpf                              0x08005e77   Thumb Code    86  mpu6050.o(i.acc_iir_lpf)
    all_pid_init                             0x08005ecd   Thumb Code    34  pid.o(i.all_pid_init)
    asin                                     0x08005ef5   Thumb Code   572  asin.o(i.asin)
    atan                                     0x08006165   Thumb Code   474  atan.o(i.atan)
    atan2                                    0x08006385   Thumb Code   374  atan2.o(i.atan2)
    atof                                     0x08006521   Thumb Code    42  atof.o(i.atof)
    butterworth_lpf                          0x0800654b   Thumb Code   104  filter.o(i.butterworth_lpf)
    clear_integral                           0x080065b3   Thumb Code     6  pid.o(i.clear_integral)
    f_abs                                    0x080065b9   Thumb Code    12  imath.o(i.f_abs)
    fputc                                    0x080065c5   Thumb Code    20  usart.o(i.fputc)
    get_acc_g                                0x080065dd   Thumb Code    42  mpu6050.o(i.get_acc_g)
    get_acc_raw                              0x08006609   Thumb Code    44  mpu6050.o(i.get_acc_raw)
    get_deg_s                                0x0800663d   Thumb Code    40  mpu6050.o(i.get_deg_s)
    get_gyro_raw                             0x08006669   Thumb Code   160  mpu6050.o(i.get_gyro_raw)
    get_iir_factor                           0x08006711   Thumb Code    42  mpu6050.o(i.get_iir_factor)
    get_rad_s                                0x08006741   Thumb Code    40  mpu6050.o(i.get_rad_s)
    goForwardOrBackward                      0x0800676d   Thumb Code   120  controller.o(i.goForwardOrBackward)
    gyro_cal                                 0x080067f1   Thumb Code   246  mpu6050.o(i.gyro_cal)
    int_abs                                  0x0800690d   Thumb Code     8  imath.o(i.int_abs)
    invSqrt                                  0x08006915   Thumb Code    48  imath.o(i.invSqrt)
    led_operation                            0x08006969   Thumb Code    78  led.o(i.led_operation)
    led_set                                  0x080069b9   Thumb Code    42  led.o(i.led_set)
    mahony_update                            0x080069e9   Thumb Code   900  imu.o(i.mahony_update)
    main                                     0x08006d8d   Thumb Code   162  main.o(i.main)
    mpu6050_init                             0x08006e75   Thumb Code    72  mpu6050.o(i.mpu6050_init)
    osDelay                                  0x08006ebd   Thumb Code    14  cmsis_os.o(i.osDelay)
    osKernelStart                            0x08006ecb   Thumb Code    10  cmsis_os.o(i.osKernelStart)
    osMessageCreate                          0x08006ed5   Thumb Code    38  cmsis_os.o(i.osMessageCreate)
    osThreadCreate                           0x08006efb   Thumb Code    84  cmsis_os.o(i.osThreadCreate)
    pid_controller                           0x08006f4f   Thumb Code   148  pid.o(i.pid_controller)
    pid_init                                 0x08006fe5   Thumb Code    34  pid.o(i.pid_init)
    pvPortMalloc                             0x08007365   Thumb Code   210  heap_4.o(i.pvPortMalloc)
    pxPortInitialiseStack                    0x0800743d   Thumb Code    32  port.o(i.pxPortInitialiseStack)
    readCalData                              0x08007461   Thumb Code   150  mpu6050.o(i.readCalData)
    readEncoderValue                         0x0800755d   Thumb Code    40  encoder.o(i.readEncoderValue)
    read_ADC_voltagedata                     0x0800758d   Thumb Code    30  adc.o(i.read_ADC_voltagedata)
    rotation_matrix                          0x080075b1   Thumb Code   270  imu.o(i.rotation_matrix)
    rotation_matrix_T                        0x080076c9   Thumb Code   270  imu.o(i.rotation_matrix_T)
    setFloatValue                            0x080077e1   Thumb Code     8  imath.o(i.setFloatValue)
    soft_iic_init                            0x080077e9   Thumb Code    72  soft_iic.o(i.soft_iic_init)
    sqrt                                     0x08007839   Thumb Code    76  sqrt.o(i.sqrt)
    u16RangeLimit                            0x08007885   Thumb Code    14  imath.o(i.u16RangeLimit)
    uxListRemove                             0x08007893   Thumb Code    38  list.o(i.uxListRemove)
    vApplicationGetIdleTaskMemory            0x080078b9   Thumb Code    16  freertos.o(i.vApplicationGetIdleTaskMemory)
    vListInitialise                          0x080078cd   Thumb Code    22  list.o(i.vListInitialise)
    vListInitialiseItem                      0x080078e3   Thumb Code     6  list.o(i.vListInitialiseItem)
    vListInsert                              0x080078e9   Thumb Code    48  list.o(i.vListInsert)
    vListInsertEnd                           0x08007919   Thumb Code    24  list.o(i.vListInsertEnd)
    vPortEnterCritical                       0x08007931   Thumb Code    54  port.o(i.vPortEnterCritical)
    vPortExitCritical                        0x08007971   Thumb Code    34  port.o(i.vPortExitCritical)
    vPortFree                                0x08007999   Thumb Code    88  heap_4.o(i.vPortFree)
    vPortSetupTimerInterrupt                 0x080079f5   Thumb Code    32  port.o(i.vPortSetupTimerInterrupt)
    vTaskDelay                               0x08007a19   Thumb Code    66  tasks.o(i.vTaskDelay)
    vTaskStartScheduler                      0x08007a65   Thumb Code    90  tasks.o(i.vTaskStartScheduler)
    vTaskSuspendAll                          0x08007ad1   Thumb Code    10  tasks.o(i.vTaskSuspendAll)
    vTaskSwitchContext                       0x08007ae1   Thumb Code    82  tasks.o(i.vTaskSwitchContext)
    xPortStartScheduler                      0x08007b3d   Thumb Code   154  port.o(i.xPortStartScheduler)
    xQueueGenericCreate                      0x08007be5   Thumb Code    72  queue.o(i.xQueueGenericCreate)
    xQueueGenericCreateStatic                0x08007c2d   Thumb Code   102  queue.o(i.xQueueGenericCreateStatic)
    xQueueGenericReset                       0x08007c95   Thumb Code   132  queue.o(i.xQueueGenericReset)
    xTaskCreate                              0x08007d1d   Thumb Code    90  tasks.o(i.xTaskCreate)
    xTaskCreateStatic                        0x08007d77   Thumb Code    86  tasks.o(i.xTaskCreateStatic)
    xTaskIncrementTick                       0x08007dcd   Thumb Code   192  tasks.o(i.xTaskIncrementTick)
    xTaskRemoveFromEventList                 0x08007e95   Thumb Code   108  tasks.o(i.xTaskRemoveFromEventList)
    xTaskResumeAll                           0x08007f09   Thumb Code   182  tasks.o(i.xTaskResumeAll)
    F6x8                                     0x08007fcc   Data         552  display.o(.constdata)
    F8X16                                    0x080081f4   Data        1520  display.o(.constdata)
    controller_parameter                     0x080087e4   Data          60  pid.o(.constdata)
    AHBPrescTable                            0x080088e8   Data          16  system_stm32f1xx.o(.constdata)
    APBPrescTable                            0x080088f8   Data           8  system_stm32f1xx.o(.constdata)
    __mathlib_zero                           0x080089e8   Data           8  qnan.o(.constdata)
    __ctype_categories                       0x080089f0   Data          64  ctype_c.o(.constdata)
    Region$$Table$$Base                      0x08008ae4   Number         0  anon$$obj.o(Region$$Table)
    Region$$Table$$Limit                     0x08008b04   Number         0  anon$$obj.o(Region$$Table)
    acc_raw                                  0x20000000   Data           6  mpu6050.o(.data)
    gyro_raw                                 0x20000006   Data           6  mpu6050.o(.data)
    gyro_30hz_parameter                      0x2000000c   Data          24  mpu6050.o(.data)
    acc_5hz_parameter                        0x20000024   Data          24  mpu6050.o(.data)
    q0                                       0x2000003c   Data           4  imu.o(.data)
    q1                                       0x20000040   Data           4  imu.o(.data)
    q2                                       0x20000044   Data           4  imu.o(.data)
    q3                                       0x20000048   Data           4  imu.o(.data)
    exInt                                    0x2000004c   Data           4  imu.o(.data)
    eyInt                                    0x20000050   Data           4  imu.o(.data)
    ezInt                                    0x20000054   Data           4  imu.o(.data)
    encoderINFO                              0x20000060   Data           8  encoder.o(.data)
    motor_speed                              0x2000006e   Data           2  controller.o(.data)
    Motor1                                   0x20000070   Data           4  controller.o(.data)
    Motor2                                   0x20000074   Data           4  controller.o(.data)
    Vertical_Kp                              0x20000078   Data           4  controller.o(.data)
    Vertical_Kd                              0x2000007c   Data           4  controller.o(.data)
    Velocity_Kp                              0x20000080   Data           4  controller.o(.data)
    Velocity_Ki                              0x20000084   Data           4  controller.o(.data)
    pwm_out1                                 0x200000a0   Data           4  controller.o(.data)
    pwm_out2                                 0x200000a4   Data           4  controller.o(.data)
    BluetoothParseMsg                        0x200000a8   Data          12  bluetooth.o(.data)
    defaultTaskHandle                        0x200000b4   Data           4  freertos.o(.data)
    SensorSampleTaskHandle                   0x200000b8   Data           4  freertos.o(.data)
    ScatteredTaskHandle                      0x200000bc   Data           4  freertos.o(.data)
    DebugTransferTaskHandle                  0x200000c0   Data           4  freertos.o(.data)
    BluetoothTransferTaskHandle              0x200000c4   Data           4  freertos.o(.data)
    ControllerTaskHandle                     0x200000c8   Data           4  freertos.o(.data)
    MpuSensorQueueHandle                     0x200000cc   Data           4  freertos.o(.data)
    EncoderQueueHandle                       0x200000d0   Data           4  freertos.o(.data)
    adcINFO                                  0x200000d4   Data           8  adc.o(.data)
    uwTickFreq                               0x200000dc   Data           1  stm32f1xx_hal.o(.data)
    uwTickPrio                               0x200000e0   Data           4  stm32f1xx_hal.o(.data)
    uwTick                                   0x200000e4   Data           4  stm32f1xx_hal.o(.data)
    SystemCoreClock                          0x200000e8   Data           4  system_stm32f1xx.o(.data)
    pxCurrentTCB                             0x200000ec   Data           4  tasks.o(.data)
    __stdout                                 0x20000150   Data           4  stdout.o(.data)
    run_led                                  0x20000158   Data          12  led.o(.bss)
    gyro_raw_cal                             0x20000164   Data          12  mpu6050.o(.bss)
    acc_raw_f                                0x20000170   Data          12  mpu6050.o(.bss)
    gyro_raw_f                               0x2000017c   Data          12  mpu6050.o(.bss)
    gyro_offset                              0x20000188   Data          12  mpu6050.o(.bss)
    CalGyro                                  0x20000194   Data          64  mpu6050.o(.bss)
    gyro_butter_data                         0x200001d4   Data          72  mpu6050.o(.bss)
    acc_butter_data                          0x2000021c   Data          72  mpu6050.o(.bss)
    acc_att_lpf                              0x20000264   Data          12  mpu6050.o(.bss)
    Mpu                                      0x20000270   Data          44  mpu6050.o(.bss)
    Mat                                      0x2000029c   Data          72  imu.o(.bss)
    att                                      0x200002e4   Data          36  imu.o(.bss)
    f                                        0x2000034a   Data          13  ano.o(.bss)
    data_to_send                             0x20000357   Data         100  ano.o(.bss)
    all                                      0x200003bc   Data         132  pid.o(.bss)
    ADC_ConvertedValue                       0x200005a4   Data          40  adc.o(.bss)
    hadc1                                    0x200005cc   Data          48  adc.o(.bss)
    hdma_adc1                                0x200005fc   Data          68  adc.o(.bss)
    htim1                                    0x20000640   Data          72  tim.o(.bss)
    htim2                                    0x20000688   Data          72  tim.o(.bss)
    htim3                                    0x200006d0   Data          72  tim.o(.bss)
    Usart1_Str                               0x20000718   Data         410  usart.o(.bss)
    Usart2_Str                               0x200008b2   Data         410  usart.o(.bss)
    huart1                                   0x20000a4c   Data          68  usart.o(.bss)
    huart2                                   0x20000a90   Data          68  usart.o(.bss)
    hdma_usart1_tx                           0x20000ad4   Data          68  usart.o(.bss)
    hdma_usart1_rx                           0x20000b18   Data          68  usart.o(.bss)
    hdma_usart2_tx                           0x20000b5c   Data          68  usart.o(.bss)
    hdma_usart2_rx                           0x20000ba0   Data          68  usart.o(.bss)
    htim4                                    0x20000be4   Data          72  stm32f1xx_hal_timebase_tim.o(.bss)
    pFlash                                   0x20000c30   Data          32  stm32f1xx_hal_flash.o(.bss)
    __initial_sp                             0x20002140   Data           0  startup_stm32f103xb.o(STACK)



==============================================================================

Memory Map of the image

  Image Entry point : 0x080000ed

  Load Region LR_IROM1 (Base: 0x08000000, Size: 0x00008c5c, Max: 0x00010000, ABSOLUTE, COMPRESSED[0x00008b58])

    Execution Region ER_IROM1 (Exec base: 0x08000000, Load base: 0x08000000, Size: 0x00008b04, Max: 0x00010000, ABSOLUTE)

    Exec Addr    Load Addr    Size         Type   Attr      Idx    E Section Name        Object

    0x08000000   0x08000000   0x000000ec   Data   RO            3    RESET               startup_stm32f103xb.o
    0x080000ec   0x080000ec   0x00000000   Code   RO         6082  * .ARM.Collect$$$$00000000  mc_w.l(entry.o)
    0x080000ec   0x080000ec   0x00000004   Code   RO         6431    .ARM.Collect$$$$00000001  mc_w.l(entry2.o)
    0x080000f0   0x080000f0   0x00000004   Code   RO         6434    .ARM.Collect$$$$00000004  mc_w.l(entry5.o)
    0x080000f4   0x080000f4   0x00000000   Code   RO         6436    .ARM.Collect$$$$00000008  mc_w.l(entry7b.o)
    0x080000f4   0x080000f4   0x00000000   Code   RO         6438    .ARM.Collect$$$$0000000A  mc_w.l(entry8b.o)
    0x080000f4   0x080000f4   0x00000008   Code   RO         6439    .ARM.Collect$$$$0000000B  mc_w.l(entry9a.o)
    0x080000fc   0x080000fc   0x00000004   Code   RO         6446    .ARM.Collect$$$$0000000E  mc_w.l(entry12b.o)
    0x08000100   0x08000100   0x00000000   Code   RO         6441    .ARM.Collect$$$$0000000F  mc_w.l(entry10a.o)
    0x08000100   0x08000100   0x00000000   Code   RO         6443    .ARM.Collect$$$$00000011  mc_w.l(entry11a.o)
    0x08000100   0x08000100   0x00000004   Code   RO         6432    .ARM.Collect$$$$00002712  mc_w.l(entry2.o)
    0x08000104   0x08000104   0x00000096   Code   RO         5983    .emb_text           port.o
    0x0800019a   0x0800019a   0x00000002   PAD
    0x0800019c   0x0800019c   0x00000024   Code   RO            4    .text               startup_stm32f103xb.o
    0x080001c0   0x080001c0   0x00000020   Code   RO         6085    .text               mc_w.l(llushr.o)
    0x080001e0   0x080001e0   0x00000024   Code   RO         6087    .text               mc_w.l(memcpya.o)
    0x08000204   0x08000204   0x00000024   Code   RO         6091    .text               mc_w.l(memseta.o)
    0x08000228   0x08000228   0x00000044   Code   RO         6093    .text               mc_w.l(strtok.o)
    0x0800026c   0x0800026c   0x000000b0   Code   RO         6362    .text               mf_w.l(fadd.o)
    0x0800031c   0x0800031c   0x00000064   Code   RO         6364    .text               mf_w.l(fmul.o)
    0x08000380   0x08000380   0x0000007c   Code   RO         6366    .text               mf_w.l(fdiv.o)
    0x080003fc   0x080003fc   0x00000018   Code   RO         6368    .text               mf_w.l(fscalb.o)
    0x08000414   0x08000414   0x0000014e   Code   RO         6370    .text               mf_w.l(dadd.o)
    0x08000562   0x08000562   0x000000e4   Code   RO         6372    .text               mf_w.l(dmul.o)
    0x08000646   0x08000646   0x00000012   Code   RO         6374    .text               mf_w.l(fflti.o)
    0x08000658   0x08000658   0x0000000a   Code   RO         6376    .text               mf_w.l(ffltui.o)
    0x08000662   0x08000662   0x00000032   Code   RO         6378    .text               mf_w.l(ffixi.o)
    0x08000694   0x08000694   0x00000028   Code   RO         6380    .text               mf_w.l(ffixui.o)
    0x080006bc   0x080006bc   0x0000003e   Code   RO         6382    .text               mf_w.l(dfixi.o)
    0x080006fa   0x080006fa   0x00000032   Code   RO         6384    .text               mf_w.l(dfixui.o)
    0x0800072c   0x0800072c   0x00000026   Code   RO         6386    .text               mf_w.l(f2d.o)
    0x08000752   0x08000752   0x00000038   Code   RO         6388    .text               mf_w.l(d2f.o)
    0x0800078a   0x0800078a   0x00000002   PAD
    0x0800078c   0x0800078c   0x00000014   Code   RO         6390    .text               mf_w.l(cfcmple.o)
    0x080007a0   0x080007a0   0x00000014   Code   RO         6392    .text               mf_w.l(cfrcmple.o)
    0x080007b4   0x080007b4   0x0000002c   Code   RO         6448    .text               mc_w.l(uidiv.o)
    0x080007e0   0x080007e0   0x00000062   Code   RO         6450    .text               mc_w.l(uldiv.o)
    0x08000842   0x08000842   0x0000001e   Code   RO         6452    .text               mc_w.l(llshl.o)
    0x08000860   0x08000860   0x00000024   Code   RO         6454    .text               mc_w.l(llsshr.o)
    0x08000884   0x08000884   0x0000009c   Code   RO         6463    .text               mc_w.l(strtod.o)
    0x08000920   0x08000920   0x00000000   Code   RO         6465    .text               mc_w.l(iusefp.o)
    0x08000920   0x08000920   0x0000006e   Code   RO         6466    .text               mf_w.l(fepilogue.o)
    0x0800098e   0x0800098e   0x000000ba   Code   RO         6468    .text               mf_w.l(depilogue.o)
    0x08000a48   0x08000a48   0x000000de   Code   RO         6470    .text               mf_w.l(ddiv.o)
    0x08000b26   0x08000b26   0x0000002e   Code   RO         6472    .text               mf_w.l(dscalb.o)
    0x08000b54   0x08000b54   0x00000030   Code   RO         6474    .text               mf_w.l(dfixul.o)
    0x08000b84   0x08000b84   0x00000030   Code   RO         6476    .text               mf_w.l(cdcmple.o)
    0x08000bb4   0x08000bb4   0x00000030   Code   RO         6478    .text               mf_w.l(cdrcmple.o)
    0x08000be4   0x08000be4   0x00000024   Code   RO         6480    .text               mc_w.l(init.o)
    0x08000c08   0x08000c08   0x0000000a   Code   RO         6482    .text               mc_w.l(isspace_c.o)
    0x08000c12   0x08000c12   0x00000002   PAD
    0x08000c14   0x08000c14   0x00000360   Code   RO         6484    .text               mc_w.l(scanf_fp.o)
    0x08000f74   0x08000f74   0x00000040   Code   RO         6488    .text               mc_w.l(_sgetc.o)
    0x08000fb4   0x08000fb4   0x000000a2   Code   RO         6490    .text               mf_w.l(dsqrt.o)
    0x08001056   0x08001056   0x00000002   PAD
    0x08001058   0x08001058   0x00000028   Code   RO         6492    .text               mc_w.l(ctype_c.o)
    0x08001080   0x08001080   0x00000018   Code   RO         6495    .text               mf_w.l(dfltul.o)
    0x08001098   0x08001098   0x00000056   Code   RO         6505    .text               mc_w.l(__dczerorl2.o)
    0x080010ee   0x080010ee   0x00000002   PAD
    0x080010f0   0x080010f0   0x00000056   Code   RO         1745    i.ADC_ConversionStop_Disable  stm32f1xx_hal_adc.o
    0x08001146   0x08001146   0x0000004e   Code   RO         1746    i.ADC_DMAConvCplt   stm32f1xx_hal_adc.o
    0x08001194   0x08001194   0x0000001a   Code   RO         1747    i.ADC_DMAError      stm32f1xx_hal_adc.o
    0x080011ae   0x080011ae   0x0000000a   Code   RO         1748    i.ADC_DMAHalfConvCplt  stm32f1xx_hal_adc.o
    0x080011b8   0x080011b8   0x0000007c   Code   RO         1749    i.ADC_Enable        stm32f1xx_hal_adc.o
    0x08001234   0x08001234   0x00000120   Code   RO          632    i.ANO_DMA_SEND_DATA  ano.o
    0x08001354   0x08001354   0x000000c8   Code   RO          633    i.ANO_DT_Data_Receive_Anl  ano.o
    0x0800141c   0x0800141c   0x00000034   Code   RO          635    i.ANO_DT_Send_Check  ano.o
    0x08001450   0x08001450   0x00000034   Code   RO          636    i.ANO_DT_Send_MSG   ano.o
    0x08001484   0x08001484   0x0000007c   Code   RO          637    i.ANO_DT_Send_Power  ano.o
    0x08001500   0x08001500   0x000000b0   Code   RO          638    i.ANO_DT_Send_RCData  ano.o
    0x080015b0   0x080015b0   0x000000d4   Code   RO          639    i.ANO_DT_Send_Senser  ano.o
    0x08001684   0x08001684   0x000000c0   Code   RO          640    i.ANO_DT_Send_Status  ano.o
    0x08001744   0x08001744   0x0000019c   Code   RO          641    i.ANO_DT_Send_User  ano.o
    0x080018e0   0x080018e0   0x00000034   Code   RO         1049    i.Bluetooth_RecvData  bluetooth.o
    0x08001914   0x08001914   0x00000002   Code   RO         1540    i.BusFault_Handler  stm32f1xx_it.o
    0x08001916   0x08001916   0x00000002   PAD
    0x08001918   0x08001918   0x00000020   Code   RO          959    i.CarBackward       controller.o
    0x08001938   0x08001938   0x00000020   Code   RO          960    i.CargoForward      controller.o
    0x08001958   0x08001958   0x00000038   Code   RO          732    i.DISplayIIC_Start  display.o
    0x08001990   0x08001990   0x0000002c   Code   RO          733    i.DISplayIIC_Stop   display.o
    0x080019bc   0x080019bc   0x00000024   Code   RO          734    i.DISplayIIC_Wait_Ack  display.o
    0x080019e0   0x080019e0   0x0000005c   Code   RO          735    i.DISplayWrite_IIC_Byte  display.o
    0x08001a3c   0x08001a3c   0x0000002e   Code   RO          736    i.DISplayWrite_IIC_Command  display.o
    0x08001a6a   0x08001a6a   0x0000002e   Code   RO          737    i.DISplayWrite_IIC_Data  display.o
    0x08001a98   0x08001a98   0x0000003a   Code   RO          738    i.DISplay_Clear     display.o
    0x08001ad2   0x08001ad2   0x000000e6   Code   RO          743    i.DISplay_Init      display.o
    0x08001bb8   0x08001bb8   0x0000002a   Code   RO          745    i.DISplay_Set_Pos   display.o
    0x08001be2   0x08001be2   0x00000002   PAD
    0x08001be4   0x08001be4   0x00000088   Code   RO          747    i.DISplay_ShowChar  display.o
    0x08001c6c   0x08001c6c   0x000000f0   Code   RO          748    i.DISplay_ShowFolatNum  display.o
    0x08001d5c   0x08001d5c   0x0000006a   Code   RO          749    i.DISplay_ShowNum   display.o
    0x08001dc6   0x08001dc6   0x00000036   Code   RO          750    i.DISplay_ShowString  display.o
    0x08001dfc   0x08001dfc   0x0000000c   Code   RO          751    i.DISplay_WR_Byte   display.o
    0x08001e08   0x08001e08   0x00000010   Code   RO          752    i.DISplay_pow       display.o
    0x08001e18   0x08001e18   0x0000000c   Code   RO         1541    i.DMA1_Channel1_IRQHandler  stm32f1xx_it.o
    0x08001e24   0x08001e24   0x0000000c   Code   RO         1542    i.DMA1_Channel4_IRQHandler  stm32f1xx_it.o
    0x08001e30   0x08001e30   0x0000000c   Code   RO         1543    i.DMA1_Channel5_IRQHandler  stm32f1xx_it.o
    0x08001e3c   0x08001e3c   0x0000000c   Code   RO         1544    i.DMA1_Channel6_IRQHandler  stm32f1xx_it.o
    0x08001e48   0x08001e48   0x0000000c   Code   RO         1545    i.DMA1_Channel7_IRQHandler  stm32f1xx_it.o
    0x08001e54   0x08001e54   0x0000002a   Code   RO         2399    i.DMA_SetConfig     stm32f1xx_hal_dma.o
    0x08001e7e   0x08001e7e   0x00000002   Code   RO         1546    i.DebugMon_Handler  stm32f1xx_it.o
    0x08001e80   0x08001e80   0x00000010   Code   RO          961    i.DisableAuxMotor   controller.o
    0x08001e90   0x08001e90   0x00000010   Code   RO          962    i.EnableAuxMotor    controller.o
    0x08001ea0   0x08001ea0   0x00000004   Code   RO         1122    i.Error_Handler     main.o
    0x08001ea4   0x08001ea4   0x00000024   Code   RO         2839    i.FLASH_MassErase   stm32f1xx_hal_flash_ex.o
    0x08001ec8   0x08001ec8   0x00000024   Code   RO         2844    i.FLASH_PageErase   stm32f1xx_hal_flash_ex.o
    0x08001eec   0x08001eec   0x0000001c   Code   RO         2736    i.FLASH_Program_HalfWord  stm32f1xx_hal_flash.o
    0x08001f08   0x08001f08   0x0000001a   Code   RO          578    i.FLASH_ReadFloatData  flash.o
    0x08001f22   0x08001f22   0x00000002   PAD
    0x08001f24   0x08001f24   0x0000005c   Code   RO         2737    i.FLASH_SetErrorCode  stm32f1xx_hal_flash.o
    0x08001f80   0x08001f80   0x00000054   Code   RO         2738    i.FLASH_WaitForLastOperation  stm32f1xx_hal_flash.o
    0x08001fd4   0x08001fd4   0x00000010   Code   RO          580    i.FLASH_WriteThreeFloatData  flash.o
    0x08001fe4   0x08001fe4   0x0000009c   Code   RO          581    i.FLASH_WriteWordData  flash.o
    0x08002080   0x08002080   0x00000038   Code   RO          518    i.FloatComparison   imath.o
    0x080020b8   0x080020b8   0x000000fc   Code   RO         1751    i.HAL_ADC_ConfigChannel  stm32f1xx_hal_adc.o
    0x080021b4   0x080021b4   0x00000002   Code   RO         1752    i.HAL_ADC_ConvCpltCallback  stm32f1xx_hal_adc.o
    0x080021b6   0x080021b6   0x00000002   Code   RO         1753    i.HAL_ADC_ConvHalfCpltCallback  stm32f1xx_hal_adc.o
    0x080021b8   0x080021b8   0x00000002   Code   RO         1755    i.HAL_ADC_ErrorCallback  stm32f1xx_hal_adc.o
    0x080021ba   0x080021ba   0x00000002   PAD
    0x080021bc   0x080021bc   0x0000011c   Code   RO         1760    i.HAL_ADC_Init      stm32f1xx_hal_adc.o
    0x080022d8   0x080022d8   0x00000090   Code   RO         1282    i.HAL_ADC_MspInit   adc.o
    0x08002368   0x08002368   0x0000010c   Code   RO         1767    i.HAL_ADC_Start_DMA  stm32f1xx_hal_adc.o
    0x08002474   0x08002474   0x00000046   Code   RO         2400    i.HAL_DMA_Abort     stm32f1xx_hal_dma.o
    0x080024ba   0x080024ba   0x00000002   PAD
    0x080024bc   0x080024bc   0x00000098   Code   RO         2401    i.HAL_DMA_Abort_IT  stm32f1xx_hal_dma.o
    0x08002554   0x08002554   0x00000154   Code   RO         2405    i.HAL_DMA_IRQHandler  stm32f1xx_hal_dma.o
    0x080026a8   0x080026a8   0x0000005c   Code   RO         2406    i.HAL_DMA_Init      stm32f1xx_hal_dma.o
    0x08002704   0x08002704   0x00000070   Code   RO         2410    i.HAL_DMA_Start_IT  stm32f1xx_hal_dma.o
    0x08002774   0x08002774   0x00000024   Code   RO         2028    i.HAL_Delay         stm32f1xx_hal.o
    0x08002798   0x08002798   0x000000a8   Code   RO         2845    i.HAL_FLASHEx_Erase  stm32f1xx_hal_flash_ex.o
    0x08002840   0x08002840   0x00000014   Code   RO         2742    i.HAL_FLASH_Lock    stm32f1xx_hal_flash.o
    0x08002854   0x08002854   0x00000080   Code   RO         2747    i.HAL_FLASH_Program  stm32f1xx_hal_flash.o
    0x080028d4   0x080028d4   0x00000028   Code   RO         2749    i.HAL_FLASH_Unlock  stm32f1xx_hal_flash.o
    0x080028fc   0x080028fc   0x000001e0   Code   RO         2336    i.HAL_GPIO_Init     stm32f1xx_hal_gpio.o
    0x08002adc   0x08002adc   0x0000000a   Code   RO         2338    i.HAL_GPIO_ReadPin  stm32f1xx_hal_gpio.o
    0x08002ae6   0x08002ae6   0x0000000a   Code   RO         2340    i.HAL_GPIO_WritePin  stm32f1xx_hal_gpio.o
    0x08002af0   0x08002af0   0x0000000c   Code   RO         2032    i.HAL_GetTick       stm32f1xx_hal.o
    0x08002afc   0x08002afc   0x00000010   Code   RO         2038    i.HAL_IncTick       stm32f1xx_hal.o
    0x08002b0c   0x08002b0c   0x00000024   Code   RO         2039    i.HAL_Init          stm32f1xx_hal.o
    0x08002b30   0x08002b30   0x00000074   Code   RO         1670    i.HAL_InitTick      stm32f1xx_hal_timebase_tim.o
    0x08002ba4   0x08002ba4   0x00000048   Code   RO         1646    i.HAL_MspInit       stm32f1xx_hal_msp.o
    0x08002bec   0x08002bec   0x0000001a   Code   RO         2496    i.HAL_NVIC_EnableIRQ  stm32f1xx_hal_cortex.o
    0x08002c06   0x08002c06   0x00000002   PAD
    0x08002c08   0x08002c08   0x00000040   Code   RO         2502    i.HAL_NVIC_SetPriority  stm32f1xx_hal_cortex.o
    0x08002c48   0x08002c48   0x00000024   Code   RO         2503    i.HAL_NVIC_SetPriorityGrouping  stm32f1xx_hal_cortex.o
    0x08002c6c   0x08002c6c   0x000000ec   Code   RO         2299    i.HAL_RCCEx_PeriphCLKConfig  stm32f1xx_hal_rcc_ex.o
    0x08002d58   0x08002d58   0x00000002   Code   RO         2195    i.HAL_RCC_CSSCallback  stm32f1xx_hal_rcc.o
    0x08002d5a   0x08002d5a   0x00000002   PAD
    0x08002d5c   0x08002d5c   0x0000012c   Code   RO         2196    i.HAL_RCC_ClockConfig  stm32f1xx_hal_rcc.o
    0x08002e88   0x08002e88   0x0000000c   Code   RO         2199    i.HAL_RCC_EnableCSS  stm32f1xx_hal_rcc.o
    0x08002e94   0x08002e94   0x00000040   Code   RO         2200    i.HAL_RCC_GetClockConfig  stm32f1xx_hal_rcc.o
    0x08002ed4   0x08002ed4   0x00000020   Code   RO         2203    i.HAL_RCC_GetPCLK1Freq  stm32f1xx_hal_rcc.o
    0x08002ef4   0x08002ef4   0x00000020   Code   RO         2204    i.HAL_RCC_GetPCLK2Freq  stm32f1xx_hal_rcc.o
    0x08002f14   0x08002f14   0x0000006c   Code   RO         2205    i.HAL_RCC_GetSysClockFreq  stm32f1xx_hal_rcc.o
    0x08002f80   0x08002f80   0x00000018   Code   RO         2207    i.HAL_RCC_NMI_IRQHandler  stm32f1xx_hal_rcc.o
    0x08002f98   0x08002f98   0x00000320   Code   RO         2208    i.HAL_RCC_OscConfig  stm32f1xx_hal_rcc.o
    0x080032b8   0x080032b8   0x00000002   Code   RO         4134    i.HAL_TIMEx_BreakCallback  stm32f1xx_hal_tim_ex.o
    0x080032ba   0x080032ba   0x00000002   Code   RO         4135    i.HAL_TIMEx_CommutCallback  stm32f1xx_hal_tim_ex.o
    0x080032bc   0x080032bc   0x00000054   Code   RO         4137    i.HAL_TIMEx_ConfigBreakDeadTime  stm32f1xx_hal_tim_ex.o
    0x08003310   0x08003310   0x00000068   Code   RO         4153    i.HAL_TIMEx_MasterConfigSynchronization  stm32f1xx_hal_tim_ex.o
    0x08003378   0x08003378   0x0000005a   Code   RO         3430    i.HAL_TIM_Base_Init  stm32f1xx_hal_tim.o
    0x080033d2   0x080033d2   0x00000002   Code   RO         3432    i.HAL_TIM_Base_MspInit  stm32f1xx_hal_tim.o
    0x080033d4   0x080033d4   0x00000058   Code   RO         3435    i.HAL_TIM_Base_Start_IT  stm32f1xx_hal_tim.o
    0x0800342c   0x0800342c   0x000000a4   Code   RO         3451    i.HAL_TIM_Encoder_Init  stm32f1xx_hal_tim.o
    0x080034d0   0x080034d0   0x00000050   Code   RO         1397    i.HAL_TIM_Encoder_MspInit  tim.o
    0x08003520   0x08003520   0x0000008e   Code   RO         3454    i.HAL_TIM_Encoder_Start  stm32f1xx_hal_tim.o
    0x080035ae   0x080035ae   0x00000002   Code   RO         3464    i.HAL_TIM_IC_CaptureCallback  stm32f1xx_hal_tim.o
    0x080035b0   0x080035b0   0x00000166   Code   RO         3478    i.HAL_TIM_IRQHandler  stm32f1xx_hal_tim.o
    0x08003716   0x08003716   0x00000002   PAD
    0x08003718   0x08003718   0x00000068   Code   RO         1398    i.HAL_TIM_MspPostInit  tim.o
    0x08003780   0x08003780   0x00000002   Code   RO         3481    i.HAL_TIM_OC_DelayElapsedCallback  stm32f1xx_hal_tim.o
    0x08003782   0x08003782   0x000000c6   Code   RO         3502    i.HAL_TIM_PWM_ConfigChannel  stm32f1xx_hal_tim.o
    0x08003848   0x08003848   0x0000005a   Code   RO         3505    i.HAL_TIM_PWM_Init  stm32f1xx_hal_tim.o
    0x080038a2   0x080038a2   0x00000002   PAD
    0x080038a4   0x080038a4   0x00000040   Code   RO         1400    i.HAL_TIM_PWM_MspInit  tim.o
    0x080038e4   0x080038e4   0x00000002   Code   RO         3508    i.HAL_TIM_PWM_PulseFinishedCallback  stm32f1xx_hal_tim.o
    0x080038e6   0x080038e6   0x00000002   PAD
    0x080038e8   0x080038e8   0x0000009c   Code   RO         3510    i.HAL_TIM_PWM_Start  stm32f1xx_hal_tim.o
    0x08003984   0x08003984   0x00000014   Code   RO         1123    i.HAL_TIM_PeriodElapsedCallback  main.o
    0x08003998   0x08003998   0x00000002   Code   RO         3521    i.HAL_TIM_TriggerCallback  stm32f1xx_hal_tim.o
    0x0800399a   0x0800399a   0x00000002   Code   RO         4412    i.HAL_UARTEx_RxEventCallback  stm32f1xx_hal_uart.o
    0x0800399c   0x0800399c   0x00000058   Code   RO         4424    i.HAL_UART_DMAStop  stm32f1xx_hal_uart.o
    0x080039f4   0x080039f4   0x00000002   Code   RO         4426    i.HAL_UART_ErrorCallback  stm32f1xx_hal_uart.o
    0x080039f6   0x080039f6   0x00000002   PAD
    0x080039f8   0x080039f8   0x0000020c   Code   RO         4429    i.HAL_UART_IRQHandler  stm32f1xx_hal_uart.o
    0x08003c04   0x08003c04   0x00000062   Code   RO         4430    i.HAL_UART_Init     stm32f1xx_hal_uart.o
    0x08003c66   0x08003c66   0x00000002   PAD
    0x08003c68   0x08003c68   0x00000198   Code   RO         1469    i.HAL_UART_MspInit  usart.o
    0x08003e00   0x08003e00   0x0000002a   Code   RO         4434    i.HAL_UART_Receive_DMA  stm32f1xx_hal_uart.o
    0x08003e2a   0x08003e2a   0x00000002   Code   RO         4436    i.HAL_UART_RxCpltCallback  stm32f1xx_hal_uart.o
    0x08003e2c   0x08003e2c   0x00000002   Code   RO         4437    i.HAL_UART_RxHalfCpltCallback  stm32f1xx_hal_uart.o
    0x08003e2e   0x08003e2e   0x00000002   PAD
    0x08003e30   0x08003e30   0x000000b2   Code   RO         4438    i.HAL_UART_Transmit  stm32f1xx_hal_uart.o
    0x08003ee2   0x08003ee2   0x00000002   PAD
    0x08003ee4   0x08003ee4   0x00000080   Code   RO         4439    i.HAL_UART_Transmit_DMA  stm32f1xx_hal_uart.o
    0x08003f64   0x08003f64   0x00000002   Code   RO         4441    i.HAL_UART_TxCpltCallback  stm32f1xx_hal_uart.o
    0x08003f66   0x08003f66   0x00000002   Code   RO         4442    i.HAL_UART_TxHalfCpltCallback  stm32f1xx_hal_uart.o
    0x08003f68   0x08003f68   0x00000002   Code   RO         1547    i.HardFault_Handler  stm32f1xx_it.o
    0x08003f6a   0x08003f6a   0x00000002   PAD
    0x08003f6c   0x08003f6c   0x0000004c   Code   RO          373    i.IIC_Read_Byte     soft_iic.o
    0x08003fb8   0x08003fb8   0x00000034   Code   RO          374    i.IIC_Read_One_Byte  soft_iic.o
    0x08003fec   0x08003fec   0x00000060   Code   RO          376    i.IIC_Send_Byte     soft_iic.o
    0x0800404c   0x0800404c   0x00000064   Code   RO          377    i.IIC_Slave_Ack     soft_iic.o
    0x080040b0   0x080040b0   0x00000038   Code   RO          378    i.IIC_Start         soft_iic.o
    0x080040e8   0x080040e8   0x00000048   Code   RO          379    i.IIC_Stop          soft_iic.o
    0x08004130   0x08004130   0x00000026   Code   RO          380    i.IIC_Write_One_Byte  soft_iic.o
    0x08004156   0x08004156   0x0000000e   Code   RO          381    i.IIC_delay         soft_iic.o
    0x08004164   0x08004164   0x00000028   Code   RO          155    i.MPU6050ReadAcc    mpu6050.o
    0x0800418c   0x0800418c   0x00000028   Code   RO          156    i.MPU6050ReadGyro   mpu6050.o
    0x080041b4   0x080041b4   0x0000004c   Code   RO          157    i.MPU6050ReadID     mpu6050.o
    0x08004200   0x08004200   0x00000028   Code   RO          158    i.MPU6050_ReadData  mpu6050.o
    0x08004228   0x08004228   0x0000000a   Code   RO          159    i.MPU6050_WriteReg  mpu6050.o
    0x08004232   0x08004232   0x00000002   PAD
    0x08004234   0x08004234   0x0000005c   Code   RO         1283    i.MX_ADC1_Init      adc.o
    0x08004290   0x08004290   0x0000006c   Code   RO         1330    i.MX_DMA_Init       dma.o
    0x080042fc   0x080042fc   0x000000c4   Code   RO         1208    i.MX_FREERTOS_Init  freertos.o
    0x080043c0   0x080043c0   0x000000f4   Code   RO         1184    i.MX_GPIO_Init      gpio.o
    0x080044b4   0x080044b4   0x000000a0   Code   RO         1401    i.MX_TIM1_Init      tim.o
    0x08004554   0x08004554   0x00000070   Code   RO         1402    i.MX_TIM2_Init      tim.o
    0x080045c4   0x080045c4   0x00000080   Code   RO         1403    i.MX_TIM3_Init      tim.o
    0x08004644   0x08004644   0x00000050   Code   RO         1470    i.MX_USART1_UART_Init  usart.o
    0x08004694   0x08004694   0x00000050   Code   RO         1471    i.MX_USART2_UART_Init  usart.o
    0x080046e4   0x080046e4   0x0000000e   Code   RO          461    i.Matrix_ready      imu.o
    0x080046f2   0x080046f2   0x00000002   Code   RO         1548    i.MemManage_Handler  stm32f1xx_it.o
    0x080046f4   0x080046f4   0x00000006   Code   RO         1549    i.NMI_Handler       stm32f1xx_it.o
    0x080046fa   0x080046fa   0x00000002   PAD
    0x080046fc   0x080046fc   0x000000ec   Code   RO         1050    i.ParseBluetoothMessage  bluetooth.o
    0x080047e8   0x080047e8   0x00000020   Code   RO          382    i.SDA_IN            soft_iic.o
    0x08004808   0x08004808   0x00000020   Code   RO          383    i.SDA_OUT           soft_iic.o
    0x08004828   0x08004828   0x00000010   Code   RO         1209    i.StartBluetoothTransferTask  freertos.o
    0x08004838   0x08004838   0x00000008   Code   RO         1210    i.StartControllerTask  freertos.o
    0x08004840   0x08004840   0x00000010   Code   RO         1211    i.StartDebugTransferTask  freertos.o
    0x08004850   0x08004850   0x00000060   Code   RO         1212    i.StartDefaultTask  freertos.o
    0x080048b0   0x080048b0   0x000001ac   Code   RO         1213    i.StartScatteredTask  freertos.o
    0x08004a5c   0x08004a5c   0x00000080   Code   RO         1214    i.StartSensorSampleTask  freertos.o
    0x08004adc   0x08004adc   0x0000002c   Code   RO         5984    i.SysTick_Handler   port.o
    0x08004b08   0x08004b08   0x0000007a   Code   RO         1124    i.SystemClock_Config  main.o
    0x08004b82   0x08004b82   0x00000002   Code   RO         4759    i.SystemInit        system_stm32f1xx.o
    0x08004b84   0x08004b84   0x0000000c   Code   RO         1550    i.TIM4_IRQHandler   stm32f1xx_it.o
    0x08004b90   0x08004b90   0x0000006c   Code   RO         3523    i.TIM_Base_SetConfig  stm32f1xx_hal_tim.o
    0x08004bfc   0x08004bfc   0x0000001a   Code   RO         3524    i.TIM_CCxChannelCmd  stm32f1xx_hal_tim.o
    0x08004c16   0x08004c16   0x00000002   PAD
    0x08004c18   0x08004c18   0x00000050   Code   RO         3536    i.TIM_OC1_SetConfig  stm32f1xx_hal_tim.o
    0x08004c68   0x08004c68   0x00000058   Code   RO         3537    i.TIM_OC2_SetConfig  stm32f1xx_hal_tim.o
    0x08004cc0   0x08004cc0   0x00000058   Code   RO         3538    i.TIM_OC3_SetConfig  stm32f1xx_hal_tim.o
    0x08004d18   0x08004d18   0x00000044   Code   RO         3539    i.TIM_OC4_SetConfig  stm32f1xx_hal_tim.o
    0x08004d5c   0x08004d5c   0x00000040   Code   RO          963    i.TurnLeftOrRight   controller.o
    0x08004d9c   0x08004d9c   0x00000010   Code   RO         4443    i.UART_DMAAbortOnError  stm32f1xx_hal_uart.o
    0x08004dac   0x08004dac   0x0000004a   Code   RO         4444    i.UART_DMAError     stm32f1xx_hal_uart.o
    0x08004df6   0x08004df6   0x0000005a   Code   RO         4445    i.UART_DMAReceiveCplt  stm32f1xx_hal_uart.o
    0x08004e50   0x08004e50   0x0000001a   Code   RO         4447    i.UART_DMARxHalfCplt  stm32f1xx_hal_uart.o
    0x08004e6a   0x08004e6a   0x0000002e   Code   RO         4449    i.UART_DMATransmitCplt  stm32f1xx_hal_uart.o
    0x08004e98   0x08004e98   0x0000000a   Code   RO         4451    i.UART_DMATxHalfCplt  stm32f1xx_hal_uart.o
    0x08004ea2   0x08004ea2   0x00000030   Code   RO         4453    i.UART_EndRxTransfer  stm32f1xx_hal_uart.o
    0x08004ed2   0x08004ed2   0x00000012   Code   RO         4454    i.UART_EndTxTransfer  stm32f1xx_hal_uart.o
    0x08004ee4   0x08004ee4   0x000000b6   Code   RO         4455    i.UART_Receive_IT   stm32f1xx_hal_uart.o
    0x08004f9a   0x08004f9a   0x00000002   PAD
    0x08004f9c   0x08004f9c   0x000000b8   Code   RO         4456    i.UART_SetConfig    stm32f1xx_hal_uart.o
    0x08005054   0x08005054   0x00000070   Code   RO         4457    i.UART_Start_Receive_DMA  stm32f1xx_hal_uart.o
    0x080050c4   0x080050c4   0x00000064   Code   RO         4459    i.UART_WaitOnFlagUntilTimeout  stm32f1xx_hal_uart.o
    0x08005128   0x08005128   0x00000050   Code   RO         1551    i.USART1_IRQHandler  stm32f1xx_it.o
    0x08005178   0x08005178   0x00000050   Code   RO         1552    i.USART2_IRQHandler  stm32f1xx_it.o
    0x080051c8   0x080051c8   0x00000094   Code   RO         1052    i.UploadMsg_MpuData  bluetooth.o
    0x0800525c   0x0800525c   0x00000002   Code   RO         1553    i.UsageFault_Handler  stm32f1xx_it.o
    0x0800525e   0x0800525e   0x00000002   PAD
    0x08005260   0x08005260   0x00000038   Code   RO         1472    i.Usart1_DMA_Sent   usart.o
    0x08005298   0x08005298   0x00000038   Code   RO         1054    i.Usart2_DMA_Sent   bluetooth.o
    0x080052d0   0x080052d0   0x00000030   Code   RO         1473    i.Usart_RecvData    usart.o
    0x08005300   0x08005300   0x00000020   Code   RO         6334    i.__0printf         mc_w.l(printfa.o)
    0x08005320   0x08005320   0x00000028   Code   RO         6336    i.__0sprintf        mc_w.l(printfa.o)
    0x08005348   0x08005348   0x00000028   Code   RO         6418    i.__ARM_fpclassify  m_ws.l(fpclassify.o)
    0x08005370   0x08005370   0x00000020   Code   RO         2509    i.__NVIC_SetPriority  stm32f1xx_hal_cortex.o
    0x08005390   0x08005390   0x000000aa   Code   RO         6420    i.__kernel_poly     m_ws.l(poly.o)
    0x0800543a   0x0800543a   0x00000006   Code   RO         6405    i.__mathlib_dbl_infnan  m_ws.l(dunder.o)
    0x08005440   0x08005440   0x00000004   Code   RO         6406    i.__mathlib_dbl_infnan2  m_ws.l(dunder.o)
    0x08005444   0x08005444   0x0000000c   Code   RO         6407    i.__mathlib_dbl_invalid  m_ws.l(dunder.o)
    0x08005450   0x08005450   0x00000010   Code   RO         6410    i.__mathlib_dbl_underflow  m_ws.l(dunder.o)
    0x08005460   0x08005460   0x0000000c   Code   RO         6457    i.__read_errno      mc_w.l(errno.o)
    0x0800546c   0x0800546c   0x0000000e   Code   RO         6499    i.__scatterload_copy  mc_w.l(handlers.o)
    0x0800547a   0x0800547a   0x00000002   Code   RO         6500    i.__scatterload_null  mc_w.l(handlers.o)
    0x0800547c   0x0800547c   0x0000000e   Code   RO         6501    i.__scatterload_zeroinit  mc_w.l(handlers.o)
    0x0800548a   0x0800548a   0x00000002   PAD
    0x0800548c   0x0800548c   0x0000000c   Code   RO         6458    i.__set_errno       mc_w.l(errno.o)
    0x08005498   0x08005498   0x000000d4   Code   RO          966    i._controller_output  controller.o
    0x0800556c   0x0800556c   0x00000058   Code   RO          967    i._controller_perform  controller.o
    0x080055c4   0x080055c4   0x00000184   Code   RO         6341    i._fp_digits        mc_w.l(printfa.o)
    0x08005748   0x08005748   0x0000000e   Code   RO         6486    i._is_digit         mc_w.l(scanf_fp.o)
    0x08005756   0x08005756   0x00000002   PAD
    0x08005758   0x08005758   0x000006b4   Code   RO         6342    i._printf_core      mc_w.l(printfa.o)
    0x08005e0c   0x08005e0c   0x00000024   Code   RO         6343    i._printf_post_padding  mc_w.l(printfa.o)
    0x08005e30   0x08005e30   0x0000002e   Code   RO         6344    i._printf_pre_padding  mc_w.l(printfa.o)
    0x08005e5e   0x08005e5e   0x0000000e   Code   RO          519    i._set_val          imath.o
    0x08005e6c   0x08005e6c   0x0000000a   Code   RO         6346    i._sputc            mc_w.l(printfa.o)
    0x08005e76   0x08005e76   0x00000056   Code   RO          163    i.acc_iir_lpf       mpu6050.o
    0x08005ecc   0x08005ecc   0x00000028   Code   RO          919    i.all_pid_init      pid.o
    0x08005ef4   0x08005ef4   0x00000270   Code   RO         6061    i.asin              m_ws.l(asin.o)
    0x08006164   0x08006164   0x00000220   Code   RO         6395    i.atan              m_ws.l(atan.o)
    0x08006384   0x08006384   0x0000019c   Code   RO         6071    i.atan2             m_ws.l(atan2.o)
    0x08006520   0x08006520   0x0000002a   Code   RO         6079    i.atof              m_ws.l(atof.o)
    0x0800654a   0x0800654a   0x00000068   Code   RO          358    i.butterworth_lpf   filter.o
    0x080065b2   0x080065b2   0x00000006   Code   RO          920    i.clear_integral    pid.o
    0x080065b8   0x080065b8   0x0000000c   Code   RO          520    i.f_abs             imath.o
    0x080065c4   0x080065c4   0x00000018   Code   RO         1474    i.fputc             usart.o
    0x080065dc   0x080065dc   0x0000002a   Code   RO          164    i.get_acc_g         mpu6050.o
    0x08006606   0x08006606   0x00000002   PAD
    0x08006608   0x08006608   0x00000034   Code   RO          165    i.get_acc_raw       mpu6050.o
    0x0800663c   0x0800663c   0x0000002c   Code   RO          166    i.get_deg_s         mpu6050.o
    0x08006668   0x08006668   0x000000a8   Code   RO          167    i.get_gyro_raw      mpu6050.o
    0x08006710   0x08006710   0x00000030   Code   RO          168    i.get_iir_factor    mpu6050.o
    0x08006740   0x08006740   0x0000002c   Code   RO          169    i.get_rad_s         mpu6050.o
    0x0800676c   0x0800676c   0x00000084   Code   RO          968    i.goForwardOrBackward  controller.o
    0x080067f0   0x080067f0   0x0000011c   Code   RO          170    i.gyro_cal          mpu6050.o
    0x0800690c   0x0800690c   0x00000008   Code   RO          521    i.int_abs           imath.o
    0x08006914   0x08006914   0x00000034   Code   RO          522    i.invSqrt           imath.o
    0x08006948   0x08006948   0x00000020   Code   RO           13    i.led_ctl           led.o
    0x08006968   0x08006968   0x0000004e   Code   RO           14    i.led_operation     led.o
    0x080069b6   0x080069b6   0x00000002   PAD
    0x080069b8   0x080069b8   0x00000030   Code   RO           15    i.led_set           led.o
    0x080069e8   0x080069e8   0x000003a4   Code   RO          462    i.mahony_update     imu.o
    0x08006d8c   0x08006d8c   0x000000dc   Code   RO         1125    i.main              main.o
    0x08006e68   0x08006e68   0x0000000c   Code   RO         5555    i.makeFreeRtosPriority  cmsis_os.o
    0x08006e74   0x08006e74   0x00000048   Code   RO          171    i.mpu6050_init      mpu6050.o
    0x08006ebc   0x08006ebc   0x0000000e   Code   RO         5557    i.osDelay           cmsis_os.o
    0x08006eca   0x08006eca   0x0000000a   Code   RO         5560    i.osKernelStart     cmsis_os.o
    0x08006ed4   0x08006ed4   0x00000026   Code   RO         5569    i.osMessageCreate   cmsis_os.o
    0x08006efa   0x08006efa   0x00000054   Code   RO         5594    i.osThreadCreate    cmsis_os.o
    0x08006f4e   0x08006f4e   0x00000094   Code   RO          921    i.pid_controller    pid.o
    0x08006fe2   0x08006fe2   0x00000002   PAD
    0x08006fe4   0x08006fe4   0x00000028   Code   RO          922    i.pid_init          pid.o
    0x0800700c   0x0800700c   0x00000070   Code   RO         5252    i.prvAddCurrentTaskToDelayedList  tasks.o
    0x0800707c   0x0800707c   0x000000d0   Code   RO         5253    i.prvAddNewTaskToReadyList  tasks.o
    0x0800714c   0x0800714c   0x00000034   Code   RO         5254    i.prvDeleteTCB      tasks.o
    0x08007180   0x08007180   0x0000004c   Code   RO         5922    i.prvHeapInit       heap_4.o
    0x080071cc   0x080071cc   0x00000060   Code   RO         5255    i.prvIdleTask       tasks.o
    0x0800722c   0x0800722c   0x00000016   Code   RO         4940    i.prvInitialiseNewQueue  queue.o
    0x08007242   0x08007242   0x0000008e   Code   RO         5256    i.prvInitialiseNewTask  tasks.o
    0x080072d0   0x080072d0   0x0000004c   Code   RO         5923    i.prvInsertBlockIntoFreeList  heap_4.o
    0x0800731c   0x0800731c   0x00000020   Code   RO         5257    i.prvResetNextTaskUnblockTime  tasks.o
    0x0800733c   0x0800733c   0x00000028   Code   RO         5985    i.prvTaskExitError  port.o
    0x08007364   0x08007364   0x000000d8   Code   RO         5924    i.pvPortMalloc      heap_4.o
    0x0800743c   0x0800743c   0x00000024   Code   RO         5986    i.pxPortInitialiseStack  port.o
    0x08007460   0x08007460   0x000000fc   Code   RO          172    i.readCalData       mpu6050.o
    0x0800755c   0x0800755c   0x00000030   Code   RO          888    i.readEncoderValue  encoder.o
    0x0800758c   0x0800758c   0x00000024   Code   RO         1284    i.read_ADC_voltagedata  adc.o
    0x080075b0   0x080075b0   0x00000118   Code   RO          463    i.rotation_matrix   imu.o
    0x080076c8   0x080076c8   0x00000118   Code   RO          464    i.rotation_matrix_T  imu.o
    0x080077e0   0x080077e0   0x00000008   Code   RO          523    i.setFloatValue     imath.o
    0x080077e8   0x080077e8   0x00000050   Code   RO          384    i.soft_iic_init     soft_iic.o
    0x08007838   0x08007838   0x0000004c   Code   RO         6424    i.sqrt              m_ws.l(sqrt.o)
    0x08007884   0x08007884   0x0000000e   Code   RO          524    i.u16RangeLimit     imath.o
    0x08007892   0x08007892   0x00000026   Code   RO         4897    i.uxListRemove      list.o
    0x080078b8   0x080078b8   0x00000014   Code   RO         1215    i.vApplicationGetIdleTaskMemory  freertos.o
    0x080078cc   0x080078cc   0x00000016   Code   RO         4898    i.vListInitialise   list.o
    0x080078e2   0x080078e2   0x00000006   Code   RO         4899    i.vListInitialiseItem  list.o
    0x080078e8   0x080078e8   0x00000030   Code   RO         4900    i.vListInsert       list.o
    0x08007918   0x08007918   0x00000018   Code   RO         4901    i.vListInsertEnd    list.o
    0x08007930   0x08007930   0x00000040   Code   RO         5988    i.vPortEnterCritical  port.o
    0x08007970   0x08007970   0x00000028   Code   RO         5989    i.vPortExitCritical  port.o
    0x08007998   0x08007998   0x0000005c   Code   RO         5925    i.vPortFree         heap_4.o
    0x080079f4   0x080079f4   0x00000024   Code   RO         5990    i.vPortSetupTimerInterrupt  port.o
    0x08007a18   0x08007a18   0x0000004c   Code   RO         5265    i.vTaskDelay        tasks.o
    0x08007a64   0x08007a64   0x0000006c   Code   RO         5278    i.vTaskStartScheduler  tasks.o
    0x08007ad0   0x08007ad0   0x00000010   Code   RO         5280    i.vTaskSuspendAll   tasks.o
    0x08007ae0   0x08007ae0   0x0000005c   Code   RO         5281    i.vTaskSwitchContext  tasks.o
    0x08007b3c   0x08007b3c   0x000000a8   Code   RO         5992    i.xPortStartScheduler  port.o
    0x08007be4   0x08007be4   0x00000048   Code   RO         4951    i.xQueueGenericCreate  queue.o
    0x08007c2c   0x08007c2c   0x00000066   Code   RO         4952    i.xQueueGenericCreateStatic  queue.o
    0x08007c92   0x08007c92   0x00000002   PAD
    0x08007c94   0x08007c94   0x00000088   Code   RO         4953    i.xQueueGenericReset  queue.o
    0x08007d1c   0x08007d1c   0x0000005a   Code   RO         5283    i.xTaskCreate       tasks.o
    0x08007d76   0x08007d76   0x00000056   Code   RO         5284    i.xTaskCreateStatic  tasks.o
    0x08007dcc   0x08007dcc   0x000000c8   Code   RO         5291    i.xTaskIncrementTick  tasks.o
    0x08007e94   0x08007e94   0x00000074   Code   RO         5296    i.xTaskRemoveFromEventList  tasks.o
    0x08007f08   0x08007f08   0x000000c4   Code   RO         5297    i.xTaskResumeAll    tasks.o
    0x08007fcc   0x08007fcc   0x00000818   Data   RO          754    .constdata          display.o
    0x080087e4   0x080087e4   0x0000003c   Data   RO          924    .constdata          pid.o
    0x08008820   0x08008820   0x000000c8   Data   RO         1217    .constdata          freertos.o
    0x080088e8   0x080088e8   0x00000010   Data   RO         4760    .constdata          system_stm32f1xx.o
    0x080088f8   0x080088f8   0x00000008   Data   RO         4761    .constdata          system_stm32f1xx.o
    0x08008900   0x08008900   0x00000050   Data   RO         6062    .constdata          m_ws.l(asin.o)
    0x08008950   0x08008950   0x00000098   Data   RO         6396    .constdata          m_ws.l(atan.o)
    0x080089e8   0x080089e8   0x00000008   Data   RO         6422    .constdata          m_ws.l(qnan.o)
    0x080089f0   0x080089f0   0x00000040   Data   RO         6493    .constdata          mc_w.l(ctype_c.o)
    0x08008a30   0x08008a30   0x00000048   Data   RO          177    .conststring        mpu6050.o
    0x08008a78   0x08008a78   0x0000006c   Data   RO         1218    .conststring        freertos.o
    0x08008ae4   0x08008ae4   0x00000020   Data   RO         6497    Region$$Table       anon$$obj.o


    Execution Region RW_IRAM1 (Exec base: 0x20000000, Load base: 0x08008b04, Size: 0x00002140, Max: 0x00005000, ABSOLUTE, COMPRESSED[0x00000054])

    Exec Addr    Load Addr    Size         Type   Attr      Idx    E Section Name        Object

    0x20000000   COMPRESSED   0x0000003c   Data   RW          178    .data               mpu6050.o
    0x2000003c   COMPRESSED   0x0000001c   Data   RW          466    .data               imu.o
    0x20000058   COMPRESSED   0x00000004   Data   RW          584    .data               flash.o
    0x2000005c   COMPRESSED   0x00000004   Data   RW          644    .data               ano.o
    0x20000060   COMPRESSED   0x00000008   Data   RW          889    .data               encoder.o
    0x20000068   COMPRESSED   0x00000040   Data   RW          969    .data               controller.o
    0x200000a8   COMPRESSED   0x0000000c   Data   RW         1056    .data               bluetooth.o
    0x200000b4   COMPRESSED   0x00000020   Data   RW         1219    .data               freertos.o
    0x200000d4   COMPRESSED   0x00000008   Data   RW         1286    .data               adc.o
    0x200000dc   COMPRESSED   0x0000000c   Data   RW         2046    .data               stm32f1xx_hal.o
    0x200000e8   COMPRESSED   0x00000004   Data   RW         4762    .data               system_stm32f1xx.o
    0x200000ec   COMPRESSED   0x0000003c   Data   RW         5300    .data               tasks.o
    0x20000128   COMPRESSED   0x00000018   Data   RW         5930    .data               heap_4.o
    0x20000140   COMPRESSED   0x0000000c   Data   RW         5993    .data               port.o
    0x2000014c   COMPRESSED   0x00000004   Data   RW         6094    .data               mc_w.l(strtok.o)
    0x20000150   COMPRESSED   0x00000004   Data   RW         6447    .data               mc_w.l(stdout.o)
    0x20000154   COMPRESSED   0x00000004   Data   RW         6459    .data               mc_w.l(errno.o)
    0x20000158        -       0x0000000c   Zero   RW           16    .bss                led.o
    0x20000164        -       0x00000100   Zero   RW          173    .bss                mpu6050.o
    0x20000264        -       0x0000000c   Zero   RW          174    .bss                mpu6050.o
    0x20000270        -       0x0000002c   Zero   RW          176    .bss                mpu6050.o
    0x2000029c        -       0x0000006c   Zero   RW          465    .bss                imu.o
    0x20000308        -       0x00000010   Zero   RW          582    .bss                flash.o
    0x20000318        -       0x000000a3   Zero   RW          642    .bss                ano.o
    0x200003bb   COMPRESSED   0x00000001   PAD
    0x200003bc        -       0x00000084   Zero   RW          923    .bss                pid.o
    0x20000440        -       0x00000164   Zero   RW         1216    .bss                freertos.o
    0x200005a4        -       0x0000009c   Zero   RW         1285    .bss                adc.o
    0x20000640        -       0x000000d8   Zero   RW         1404    .bss                tim.o
    0x20000718        -       0x000004cc   Zero   RW         1476    .bss                usart.o
    0x20000be4        -       0x00000048   Zero   RW         1673    .bss                stm32f1xx_hal_timebase_tim.o
    0x20000c2c   COMPRESSED   0x00000004   PAD
    0x20000c30        -       0x00000020   Zero   RW         2750    .bss                stm32f1xx_hal_flash.o
    0x20000c50        -       0x000000f0   Zero   RW         5299    .bss                tasks.o
    0x20000d40        -       0x00001000   Zero   RW         5929    .bss                heap_4.o
    0x20001d40        -       0x00000400   Zero   RW            1    STACK               startup_stm32f103xb.o


==============================================================================

Image component sizes


      Code (inc. data)   RO Data    RW Data    ZI Data      Debug   Object Name

       272         38          0          8        156       2753   adc.o
      1708         86          0          4        163       9805   ano.o
       492         86          0         12          0       4015   bluetooth.o
       158          0          0          0          0      23043   cmsis_os.o
       592         88          0         64          0       7307   controller.o
      1214         32       2072          0          0      10745   display.o
       108          4          0          0          0        786   dma.o
        48          8          0          8          0       1601   encoder.o
         0          0          0          0          0      18188   event_groups.o
       104          0          0          0          0        970   filter.o
       198         40          0          4         16       3709   flash.o
       908        198        308         32        356       6285   freertos.o
       244         18          0          0          0        995   gpio.o
       460         24          0         24       4096       7227   heap_4.o
       164          4          0          0          0       4153   imath.o
      1506         52          0         28        108       5287   imu.o
       158         12          0          0         12     450420   led.o
       138          0          0          0          0       3390   list.o
       366         64          0          0          0       2936   main.o
      1298        196         72         60        312      44820   mpu6050.o
       234         12         60          0        132       3251   pid.o
       578         60          0         12          0      10320   port.o
       332          4          0          0          0       6031   queue.o
       648         40          0          0          0       6665   soft_iic.o
        36          8        236          0       1024        800   startup_stm32f103xb.o
       100         18          0         12          0       5234   stm32f1xx_hal.o
      1134         56          0          0          0       8514   stm32f1xx_hal_adc.o
       158         14          0          0          0      28178   stm32f1xx_hal_cortex.o
       808         36          0          0          0       4978   stm32f1xx_hal_dma.o
       392         46          0          0         32       4714   stm32f1xx_hal_flash.o
       240         26          0          0          0       3237   stm32f1xx_hal_flash_ex.o
       500         34          0          0          0       3511   stm32f1xx_hal_gpio.o
        72         10          0          0          0        866   stm32f1xx_hal_msp.o
      1374        118          0          0          0       7352   stm32f1xx_hal_rcc.o
       236         12          0          0          0       1380   stm32f1xx_hal_rcc_ex.o
      1754         58          0          0          0      14610   stm32f1xx_hal_tim.o
       192         12          0          0          0       3157   stm32f1xx_hal_tim_ex.o
       116         16          0          0         72       1419   stm32f1xx_hal_timebase_tim.o
      1976         38          0          0          0      17111   stm32f1xx_hal_uart.o
       248         60          0          0          0       7008   stm32f1xx_it.o
         0          0          0          0          0        392   stream_buffer.o
         2          0         24          4          0       1115   system_stm32f1xx.o
      1622        118          0         60        240      17009   tasks.o
       648         56          0          0        216       4299   tim.o
       696         74          0          0       1228       5076   usart.o

    ----------------------------------------------------------------------
     24282       1876       2804        332       8168     774662   Object Totals
         0          0         32          0          0          0   (incl. Generated)
        50          0          0          0          5          0   (incl. Padding)

    ----------------------------------------------------------------------

      Code (inc. data)   RO Data    RW Data    ZI Data      Debug   Library Member Name

       624         52         80          0          0        168   asin.o
       544         70        152          0          0        124   atan.o
       412         38          0          0          0        144   atan2.o
        42          0          0          0          0         84   atof.o
        38          6          0          0          0        272   dunder.o
        40          0          0          0          0         68   fpclassify.o
       170          0          0          0          0         96   poly.o
         0          0          8          0          0          0   qnan.o
        76          0          0          0          0         84   sqrt.o
        86          0          0          0          0          0   __dczerorl2.o
        64          0          0          0          0         84   _sgetc.o
        40          6         64          0          0         68   ctype_c.o
         0          0          0          0          0          0   entry.o
         0          0          0          0          0          0   entry10a.o
         0          0          0          0          0          0   entry11a.o
         4          0          0          0          0          0   entry12b.o
         8          4          0          0          0          0   entry2.o
         4          0          0          0          0          0   entry5.o
         0          0          0          0          0          0   entry7b.o
         0          0          0          0          0          0   entry8b.o
         8          4          0          0          0          0   entry9a.o
        24         12          0          4          0        136   errno.o
        30          0          0          0          0          0   handlers.o
        36          8          0          0          0         68   init.o
        10          0          0          0          0         68   isspace_c.o
         0          0          0          0          0          0   iusefp.o
        30          0          0          0          0         68   llshl.o
        36          0          0          0          0         68   llsshr.o
        32          0          0          0          0         68   llushr.o
        36          0          0          0          0         68   memcpya.o
        36          0          0          0          0        108   memseta.o
      2268         96          0          0          0        616   printfa.o
       878         12          0          0          0        216   scanf_fp.o
         0          0          0          4          0          0   stdout.o
       156         12          0          0          0        120   strtod.o
        68          6          0          4          0         80   strtok.o
        44          0          0          0          0         80   uidiv.o
        98          0          0          0          0         92   uldiv.o
        48          0          0          0          0         68   cdcmple.o
        48          0          0          0          0         68   cdrcmple.o
        20          0          0          0          0         68   cfcmple.o
        20          0          0          0          0         68   cfrcmple.o
        56          0          0          0          0         88   d2f.o
       334          0          0          0          0        148   dadd.o
       222          0          0          0          0        100   ddiv.o
       186          0          0          0          0        176   depilogue.o
        62          0          0          0          0         80   dfixi.o
        50          0          0          0          0         76   dfixui.o
        48          0          0          0          0         68   dfixul.o
        24          0          0          0          0         76   dfltul.o
       228          0          0          0          0         96   dmul.o
        46          0          0          0          0         80   dscalb.o
       162          0          0          0          0        100   dsqrt.o
        38          0          0          0          0         68   f2d.o
       176          0          0          0          0        140   fadd.o
       124          0          0          0          0         88   fdiv.o
       110          0          0          0          0        168   fepilogue.o
        50          0          0          0          0         68   ffixi.o
        40          0          0          0          0         68   ffixui.o
        18          0          0          0          0         68   fflti.o
        10          0          0          0          0         68   ffltui.o
       100          0          0          0          0         76   fmul.o
        24          0          0          0          0         68   fscalb.o

    ----------------------------------------------------------------------
      8198        326        304         12          0       5288   Library Totals
        12          0          0          0          0          0   (incl. Padding)

    ----------------------------------------------------------------------

      Code (inc. data)   RO Data    RW Data    ZI Data      Debug   Library Name

      1946        166        240          0          0       1040   m_ws.l
      3996        160         64         12          0       2008   mc_w.l
      2244          0          0          0          0       2240   mf_w.l

    ----------------------------------------------------------------------
      8198        326        304         12          0       5288   Library Totals

    ----------------------------------------------------------------------

==============================================================================


      Code (inc. data)   RO Data    RW Data    ZI Data      Debug   

     32480       2202       3108        344       8168     763490   Grand Totals
     32480       2202       3108         84       8168     763490   ELF Image Totals (compressed)
     32480       2202       3108         84          0          0   ROM Totals

==============================================================================

    Total RO  Size (Code + RO Data)                35588 (  34.75kB)
    Total RW  Size (RW Data + ZI Data)              8512 (   8.31kB)
    Total ROM Size (Code + RO Data + RW Data)      35672 (  34.84kB)

==============================================================================

